Archive member included to satisfy reference by file (symbol)

c:/program files (x86)/gnu arm embedded toolchain/10 2021.10/bin/../lib/gcc/arm-none-eabi/10.3.1/../../../../arm-none-eabi/lib/thumb/v7e-m+fp/hard\libg.a(lib_a-errno.o)
                              CMakeFiles/AT32F403A_Clion.elf.dir/project/src/syscalls.c.obj (__errno)
c:/program files (x86)/gnu arm embedded toolchain/10 2021.10/bin/../lib/gcc/arm-none-eabi/10.3.1/../../../../arm-none-eabi/lib/thumb/v7e-m+fp/hard\libg.a(lib_a-exit.o)
                              c:/program files (x86)/gnu arm embedded toolchain/10 2021.10/bin/../lib/gcc/arm-none-eabi/10.3.1/../../../../arm-none-eabi/lib/thumb/v7e-m+fp/hard/crt0.o (exit)
c:/program files (x86)/gnu arm embedded toolchain/10 2021.10/bin/../lib/gcc/arm-none-eabi/10.3.1/../../../../arm-none-eabi/lib/thumb/v7e-m+fp/hard\libg.a(lib_a-impure.o)
                              c:/program files (x86)/gnu arm embedded toolchain/10 2021.10/bin/../lib/gcc/arm-none-eabi/10.3.1/../../../../arm-none-eabi/lib/thumb/v7e-m+fp/hard\libg.a(lib_a-exit.o) (_global_impure_ptr)
c:/program files (x86)/gnu arm embedded toolchain/10 2021.10/bin/../lib/gcc/arm-none-eabi/10.3.1/../../../../arm-none-eabi/lib/thumb/v7e-m+fp/hard\libg.a(lib_a-init.o)
                              c:/program files (x86)/gnu arm embedded toolchain/10 2021.10/bin/../lib/gcc/arm-none-eabi/10.3.1/../../../../arm-none-eabi/lib/thumb/v7e-m+fp/hard/crt0.o (__libc_init_array)
c:/program files (x86)/gnu arm embedded toolchain/10 2021.10/bin/../lib/gcc/arm-none-eabi/10.3.1/../../../../arm-none-eabi/lib/thumb/v7e-m+fp/hard\libg.a(lib_a-memset.o)
                              c:/program files (x86)/gnu arm embedded toolchain/10 2021.10/bin/../lib/gcc/arm-none-eabi/10.3.1/../../../../arm-none-eabi/lib/thumb/v7e-m+fp/hard/crt0.o (memset)
c:/program files (x86)/gnu arm embedded toolchain/10 2021.10/bin/../lib/gcc/arm-none-eabi/10.3.1/../../../../arm-none-eabi/lib/thumb/v7e-m+fp/hard\libg.a(lib_a-printf.o)
                              CMakeFiles/AT32F403A_Clion.elf.dir/project/src/main.c.obj (printf)
c:/program files (x86)/gnu arm embedded toolchain/10 2021.10/bin/../lib/gcc/arm-none-eabi/10.3.1/../../../../arm-none-eabi/lib/thumb/v7e-m+fp/hard\libg.a(lib_a-puts.o)
                              CMakeFiles/AT32F403A_Clion.elf.dir/project/src/main.c.obj (puts)
c:/program files (x86)/gnu arm embedded toolchain/10 2021.10/bin/../lib/gcc/arm-none-eabi/10.3.1/../../../../arm-none-eabi/lib/thumb/v7e-m+fp/hard\libg.a(lib_a-setvbuf.o)
                              CMakeFiles/AT32F403A_Clion.elf.dir/project/board/at32f403a_407_board.c.obj (setvbuf)
c:/program files (x86)/gnu arm embedded toolchain/10 2021.10/bin/../lib/gcc/arm-none-eabi/10.3.1/../../../../arm-none-eabi/lib/thumb/v7e-m+fp/hard\libg.a(lib_a-strlen.o)
                              c:/program files (x86)/gnu arm embedded toolchain/10 2021.10/bin/../lib/gcc/arm-none-eabi/10.3.1/../../../../arm-none-eabi/lib/thumb/v7e-m+fp/hard\libg.a(lib_a-puts.o) (strlen)
c:/program files (x86)/gnu arm embedded toolchain/10 2021.10/bin/../lib/gcc/arm-none-eabi/10.3.1/../../../../arm-none-eabi/lib/thumb/v7e-m+fp/hard\libg.a(lib_a-vfprintf.o)
                              c:/program files (x86)/gnu arm embedded toolchain/10 2021.10/bin/../lib/gcc/arm-none-eabi/10.3.1/../../../../arm-none-eabi/lib/thumb/v7e-m+fp/hard\libg.a(lib_a-printf.o) (_vfprintf_r)
c:/program files (x86)/gnu arm embedded toolchain/10 2021.10/bin/../lib/gcc/arm-none-eabi/10.3.1/../../../../arm-none-eabi/lib/thumb/v7e-m+fp/hard\libg.a(lib_a-wsetup.o)
                              c:/program files (x86)/gnu arm embedded toolchain/10 2021.10/bin/../lib/gcc/arm-none-eabi/10.3.1/../../../../arm-none-eabi/lib/thumb/v7e-m+fp/hard\libg.a(lib_a-vfprintf.o) (__swsetup_r)
c:/program files (x86)/gnu arm embedded toolchain/10 2021.10/bin/../lib/gcc/arm-none-eabi/10.3.1/../../../../arm-none-eabi/lib/thumb/v7e-m+fp/hard\libg.a(lib_a-__call_atexit.o)
                              c:/program files (x86)/gnu arm embedded toolchain/10 2021.10/bin/../lib/gcc/arm-none-eabi/10.3.1/../../../../arm-none-eabi/lib/thumb/v7e-m+fp/hard\libg.a(lib_a-exit.o) (__call_exitprocs)
c:/program files (x86)/gnu arm embedded toolchain/10 2021.10/bin/../lib/gcc/arm-none-eabi/10.3.1/../../../../arm-none-eabi/lib/thumb/v7e-m+fp/hard\libg.a(lib_a-atexit.o)
                              c:/program files (x86)/gnu arm embedded toolchain/10 2021.10/bin/../lib/gcc/arm-none-eabi/10.3.1/../../../../arm-none-eabi/lib/thumb/v7e-m+fp/hard\libg.a(lib_a-__call_atexit.o) (atexit)
c:/program files (x86)/gnu arm embedded toolchain/10 2021.10/bin/../lib/gcc/arm-none-eabi/10.3.1/../../../../arm-none-eabi/lib/thumb/v7e-m+fp/hard\libg.a(lib_a-dtoa.o)
                              c:/program files (x86)/gnu arm embedded toolchain/10 2021.10/bin/../lib/gcc/arm-none-eabi/10.3.1/../../../../arm-none-eabi/lib/thumb/v7e-m+fp/hard\libg.a(lib_a-vfprintf.o) (_dtoa_r)
[...]
Memory Configuration

Name             Origin             Length             Attributes
FLASH            0x08000000         0x000fa000         xr
RAM              0x20000000         0x00018000         xrw
*default*        0x00000000         0xffffffff

Linker script and memory map

LOAD c:/program files (x86)/gnu arm embedded toolchain/10 2021.10/bin/../lib/gcc/arm-none-eabi/10.3.1/thumb/v7e-m+fp/hard/crti.o
LOAD c:/program files (x86)/gnu arm embedded toolchain/10 2021.10/bin/../lib/gcc/arm-none-eabi/10.3.1/thumb/v7e-m+fp/hard/crtbegin.o
LOAD c:/program files (x86)/gnu arm embedded toolchain/10 2021.10/bin/../lib/gcc/arm-none-eabi/10.3.1/../../../../arm-none-eabi/lib/thumb/v7e-m+fp/hard/crt0.o
LOAD CMakeFiles/AT32F403A_Clion.elf.dir/libraries/cmsis/cm4/device_support/system_at32f403a_407.c.obj
LOAD CMakeFiles/AT32F403A_Clion.elf.dir/libraries/drivers/src/at32f403a_407_acc.c.obj
LOAD CMakeFiles/AT32F403A_Clion.elf.dir/libraries/drivers/src/at32f403a_407_adc.c.obj
LOAD CMakeFiles/AT32F403A_Clion.elf.dir/libraries/drivers/src/at32f403a_407_bpr.c.obj
LOAD CMakeFiles/AT32F403A_Clion.elf.dir/libraries/drivers/src/at32f403a_407_can.c.obj
LOAD CMakeFiles/AT32F403A_Clion.elf.dir/libraries/drivers/src/at32f403a_407_crc.c.obj
LOAD CMakeFiles/AT32F403A_Clion.elf.dir/libraries/drivers/src/at32f403a_407_crm.c.obj
LOAD CMakeFiles/AT32F403A_Clion.elf.dir/libraries/drivers/src/at32f403a_407_dac.c.obj
LOAD CMakeFiles/AT32F403A_Clion.elf.dir/libraries/drivers/src/at32f403a_407_debug.c.obj
LOAD CMakeFiles/AT32F403A_Clion.elf.dir/libraries/drivers/src/at32f403a_407_dma.c.obj
LOAD CMakeFiles/AT32F403A_Clion.elf.dir/libraries/drivers/src/at32f403a_407_emac.c.obj
LOAD CMakeFiles/AT32F403A_Clion.elf.dir/libraries/drivers/src/at32f403a_407_exint.c.obj
LOAD CMakeFiles/AT32F403A_Clion.elf.dir/libraries/drivers/src/at32f403a_407_flash.c.obj
LOAD CMakeFiles/AT32F403A_Clion.elf.dir/libraries/drivers/src/at32f403a_407_gpio.c.obj
LOAD CMakeFiles/AT32F403A_Clion.elf.dir/libraries/drivers/src/at32f403a_407_i2c.c.obj
LOAD CMakeFiles/AT32F403A_Clion.elf.dir/libraries/drivers/src/at32f403a_407_misc.c.obj
LOAD CMakeFiles/AT32F403A_Clion.elf.dir/libraries/drivers/src/at32f403a_407_pwc.c.obj
LOAD CMakeFiles/AT32F403A_Clion.elf.dir/libraries/drivers/src/at32f403a_407_rtc.c.obj
LOAD CMakeFiles/AT32F403A_Clion.elf.dir/libraries/drivers/src/at32f403a_407_sdio.c.obj
LOAD CMakeFiles/AT32F403A_Clion.elf.dir/libraries/drivers/src/at32f403a_407_spi.c.obj
LOAD CMakeFiles/AT32F403A_Clion.elf.dir/libraries/drivers/src/at32f403a_407_tmr.c.obj
LOAD CMakeFiles/AT32F403A_Clion.elf.dir/libraries/drivers/src/at32f403a_407_usart.c.obj
LOAD CMakeFiles/AT32F403A_Clion.elf.dir/libraries/drivers/src/at32f403a_407_usb.c.obj
LOAD CMakeFiles/AT32F403A_Clion.elf.dir/libraries/drivers/src/at32f403a_407_wdt.c.obj
LOAD CMakeFiles/AT32F403A_Clion.elf.dir/libraries/drivers/src/at32f403a_407_wwdt.c.obj
LOAD CMakeFiles/AT32F403A_Clion.elf.dir/libraries/drivers/src/at32f403a_407_xmc.c.obj
LOAD CMakeFiles/AT32F403A_Clion.elf.dir/project/board/at32f403a_407_board.c.obj
LOAD CMakeFiles/AT32F403A_Clion.elf.dir/project/src/at32f403a_407_clock.c.obj
LOAD CMakeFiles/AT32F403A_Clion.elf.dir/project/src/at32f403a_407_int.c.obj
LOAD CMakeFiles/AT32F403A_Clion.elf.dir/project/src/main.c.obj
LOAD CMakeFiles/AT32F403A_Clion.elf.dir/project/src/startup_at32f403a_407.s.obj
LOAD CMakeFiles/AT32F403A_Clion.elf.dir/project/src/syscalls.c.obj
LOAD CMakeFiles/AT32F403A_Clion.elf.dir/project/src/sysmem.c.obj
LOAD C:/Users/zjjhg/Desktop/AT32F403A_Clion_Template/libraries/cmsis/dsp/Lib/GCC\libarm_cortexM4lf_math.a
START GROUP
LOAD c:/program files (x86)/gnu arm embedded toolchain/10 2021.10/bin/../lib/gcc/arm-none-eabi/10.3.1/thumb/v7e-m+fp/hard\libgcc.a
LOAD c:/program files (x86)/gnu arm embedded toolchain/10 2021.10/bin/../lib/gcc/arm-none-eabi/10.3.1/../../../../arm-none-eabi/lib/thumb/v7e-m+fp/hard\libg.a
LOAD c:/program files (x86)/gnu arm embedded toolchain/10 2021.10/bin/../lib/gcc/arm-none-eabi/10.3.1/../../../../arm-none-eabi/lib/thumb/v7e-m+fp/hard\libc.a
END GROUP
LOAD c:/program files (x86)/gnu arm embedded toolchain/10 2021.10/bin/../lib/gcc/arm-none-eabi/10.3.1/thumb/v7e-m+fp/hard/crtend.o
LOAD c:/program files (x86)/gnu arm embedded toolchain/10 2021.10/bin/../lib/gcc/arm-none-eabi/10.3.1/thumb/v7e-m+fp/hard/crtn.o
                0x20018000                _estack = 0x20018000
                0x00000200                _Min_Heap_Size = 0x200
                0x00000400                _Min_Stack_Size = 0x400

.isr_vector     0x08000000      0x184
                0x08000000                . = ALIGN (0x4)
 *(.isr_vector)
 .isr_vector    0x08000000      0x184 CMakeFiles/AT32F403A_Clion.elf.dir/project/src/startup_at32f403a_407.s.obj
                0x08000000                g_pfnVectors
                0x08000184                . = ALIGN (0x4)

.text           0x080001c0     0x7d18
                0x080001c0                . = ALIGN (0x4)
 *(.text)
 .text          0x080001c0       0x40 c:/program files (x86)/gnu arm embedded toolchain/10 2021.10/bin/../lib/gcc/arm-none-eabi/10.3.1/thumb/v7e-m+fp/hard/crtbegin.o
 .text          0x08000200       0xdc c:/program files (x86)/gnu arm embedded toolchain/10 2021.10/bin/../lib/gcc/arm-none-eabi/10.3.1/../../../../arm-none-eabi/lib/thumb/v7e-m+fp/hard\libg.a(lib_a-strlen.o)
                0x08000200                strlen
 *fill*         0x080002dc        0x4 
 .text          0x080002e0       0xa0 c:/program files (x86)/gnu arm embedded toolchain/10 2021.10/bin/../lib/gcc/arm-none-eabi/10.3.1/../../../../arm-none-eabi/lib/thumb/v7e-m+fp/hard\libg.a(lib_a-memchr.o)
                0x080002e0                memchr
 .text          0x08000380      0x134 c:/program files (x86)/gnu arm embedded toolchain/10 2021.10/bin/../lib/gcc/arm-none-eabi/10.3.1/../../../../arm-none-eabi/lib/thumb/v7e-m+fp/hard\libg.a(lib_a-memcpy.o)
                0x08000380                memcpy
 .text          0x080004b4      0x378 c:/program files (x86)/gnu arm embedded toolchain/10 2021.10/bin/../lib/gcc/arm-none-eabi/10.3.1/thumb/v7e-m+fp/hard\libgcc.a(_arm_addsubdf3.o)
                0x080004b4                __aeabi_drsub
                0x080004bc                __aeabi_dsub
                0x080004bc                __subdf3
                0x080004c0                __aeabi_dadd
                0x080004c0                __adddf3
                0x08000738                __floatunsidf
                0x08000738                __aeabi_ui2d
                0x08000758                __floatsidf
                0x08000758                __aeabi_i2d
                0x0800077c                __aeabi_f2d
                0x0800077c                __extendsfdf2
                0x080007c0                __floatundidf
                0x080007c0                __aeabi_ul2d
                0x080007d0                __floatdidf
                0x080007d0                __aeabi_l2d
 .text          0x0800082c      0x424 c:/program files (x86)/gnu arm embedded toolchain/10 2021.10/bin/../lib/gcc/arm-none-eabi/10.3.1/thumb/v7e-m+fp/hard\libgcc.a(_arm_muldivdf3.o)
                0x0800082c                __aeabi_dmul
                0x0800082c                __muldf3
                0x08000a80                __divdf3
                0x08000a80                __aeabi_ddiv
 .text          0x08000c50      0x110 c:/program files (x86)/gnu arm embedded toolchain/10 2021.10/bin/../lib/gcc/arm-none-eabi/10.3.1/thumb/v7e-m+fp/hard\libgcc.a(_arm_cmpdf2.o)
                0x08000c50                __gtdf2
                0x08000c50                __gedf2
                0x08000c58                __ltdf2
                0x08000c58                __ledf2
                0x08000c60                __nedf2
                0x08000c60                __eqdf2
                0x08000c60                __cmpdf2
                0x08000cdc                __aeabi_cdrcmple
                0x08000cec                __aeabi_cdcmpeq
                0x08000cec                __aeabi_cdcmple
                0x08000cfc                __aeabi_dcmpeq
                0x08000d10                __aeabi_dcmplt
                0x08000d24                __aeabi_dcmple
                0x08000d38                __aeabi_dcmpge
                0x08000d4c                __aeabi_dcmpgt
 .text          0x08000d60       0x2c c:/program files (x86)/gnu arm embedded toolchain/10 2021.10/bin/../lib/gcc/arm-none-eabi/10.3.1/thumb/v7e-m+fp/hard\libgcc.a(_arm_unorddf2.o)
                0x08000d60                __unorddf2
                0x08000d60                __aeabi_dcmpun
 .text          0x08000d8c       0x50 c:/program files (x86)/gnu arm embedded toolchain/10 2021.10/bin/../lib/gcc/arm-none-eabi/10.3.1/thumb/v7e-m+fp/hard\libgcc.a(_arm_fixdfsi.o)
                0x08000d8c                __aeabi_d2iz
                0x08000d8c                __fixdfsi
 .text          0x08000ddc       0x30 c:/program files (x86)/gnu arm embedded toolchain/10 2021.10/bin/../lib/gcc/arm-none-eabi/10.3.1/thumb/v7e-m+fp/hard\libgcc.a(_aeabi_uldivmod.o)
                0x08000ddc                __aeabi_uldivmod
 .text          0x08000e0c      0x2d0 c:/program files (x86)/gnu arm embedded toolchain/10 2021.10/bin/../lib/gcc/arm-none-eabi/10.3.1/thumb/v7e-m+fp/hard\libgcc.a(_udivmoddi4.o)
                0x08000e0c                __udivmoddi4
 .text          0x080010dc        0x4 c:/program files (x86)/gnu arm embedded toolchain/10 2021.10/bin/../lib/gcc/arm-none-eabi/10.3.1/thumb/v7e-m+fp/hard\libgcc.a(_dvmd_tls.o)
                0x080010dc                __aeabi_idiv0
                0x080010dc                __aeabi_ldiv0
 *(.text*)
 .text.SystemInit
                0x080010e0       0x64 CMakeFiles/AT32F403A_Clion.elf.dir/libraries/cmsis/cm4/device_support/system_at32f403a_407.c.obj
                0x080010e0                SystemInit
 .text.system_core_clock_update
                0x08001144       0xd8 CMakeFiles/AT32F403A_Clion.elf.dir/libraries/cmsis/cm4/device_support/system_at32f403a_407.c.obj
                0x08001144                system_core_clock_update
 .text.crm_reset
                0x0800121c       0x48 CMakeFiles/AT32F403A_Clion.elf.dir/libraries/drivers/src/at32f403a_407_crm.c.obj
                0x0800121c                crm_reset
 .text.crm_flag_get
                0x08001264       0x24 CMakeFiles/AT32F403A_Clion.elf.dir/libraries/drivers/src/at32f403a_407_crm.c.obj
                0x08001264                crm_flag_get
 .text.crm_hext_stable_wait
                0x08001288       0x26 CMakeFiles/AT32F403A_Clion.elf.dir/libraries/drivers/src/at32f403a_407_crm.c.obj
                0x08001288                crm_hext_stable_wait
 .text.crm_periph_clock_enable
                0x080012ae       0x3c CMakeFiles/AT32F403A_Clion.elf.dir/libraries/drivers/src/at32f403a_407_crm.c.obj
                0x080012ae                crm_periph_clock_enable
 *fill*         0x080012ea        0x2 
 .text.crm_clock_source_enable
                0x080012ec       0x50 CMakeFiles/AT32F403A_Clion.elf.dir/libraries/drivers/src/at32f403a_407_crm.c.obj
                0x080012ec                crm_clock_source_enable
 .text.crm_ahb_div_set
                0x0800133c       0x10 CMakeFiles/AT32F403A_Clion.elf.dir/libraries/drivers/src/at32f403a_407_crm.c.obj
                0x0800133c                crm_ahb_div_set
 .text.crm_apb1_div_set
                0x0800134c       0x10 CMakeFiles/AT32F403A_Clion.elf.dir/libraries/drivers/src/at32f403a_407_crm.c.obj
                0x0800134c                crm_apb1_div_set
 .text.crm_apb2_div_set
                0x0800135c       0x10 CMakeFiles/AT32F403A_Clion.elf.dir/libraries/drivers/src/at32f403a_407_crm.c.obj
                0x0800135c                crm_apb2_div_set
 .text.crm_pll_config
                0x0800136c       0x5c CMakeFiles/AT32F403A_Clion.elf.dir/libraries/drivers/src/at32f403a_407_crm.c.obj
                0x0800136c                crm_pll_config
 .text.crm_sysclk_switch
                0x080013c8       0x10 CMakeFiles/AT32F403A_Clion.elf.dir/libraries/drivers/src/at32f403a_407_crm.c.obj
                0x080013c8                crm_sysclk_switch
 .text.crm_sysclk_switch_status_get
                0x080013d8       0x10 CMakeFiles/AT32F403A_Clion.elf.dir/libraries/drivers/src/at32f403a_407_crm.c.obj
                0x080013d8                crm_sysclk_switch_status_get
 .text.crm_clocks_freq_get
                0x080013e8      0x108 CMakeFiles/AT32F403A_Clion.elf.dir/libraries/drivers/src/at32f403a_407_crm.c.obj
                0x080013e8                crm_clocks_freq_get
 .text.crm_auto_step_mode_enable
                0x080014f0       0x20 CMakeFiles/AT32F403A_Clion.elf.dir/libraries/drivers/src/at32f403a_407_crm.c.obj
                0x080014f0                crm_auto_step_mode_enable
 .text.crm_hext_clock_div_set
                0x08001510       0x10 CMakeFiles/AT32F403A_Clion.elf.dir/libraries/drivers/src/at32f403a_407_crm.c.obj
                0x08001510                crm_hext_clock_div_set
 .text.gpio_init
                0x08001520       0xba CMakeFiles/AT32F403A_Clion.elf.dir/libraries/drivers/src/at32f403a_407_gpio.c.obj
                0x08001520                gpio_init
 .text.gpio_default_para_init
                0x080015da       0x16 CMakeFiles/AT32F403A_Clion.elf.dir/libraries/drivers/src/at32f403a_407_gpio.c.obj
                0x080015da                gpio_default_para_init
 .text.gpio_pin_remap_config
                0x080015f0       0x4c CMakeFiles/AT32F403A_Clion.elf.dir/libraries/drivers/src/at32f403a_407_gpio.c.obj
                0x080015f0                gpio_pin_remap_config
 .text.systick_clock_source_config
                0x0800163c       0x20 CMakeFiles/AT32F403A_Clion.elf.dir/libraries/drivers/src/at32f403a_407_misc.c.obj
                0x0800163c                systick_clock_source_config
 .text.usart_init
                0x0800165c       0x94 CMakeFiles/AT32F403A_Clion.elf.dir/libraries/drivers/src/at32f403a_407_usart.c.obj
                0x0800165c                usart_init
 .text.usart_enable
                0x080016f0        0xa CMakeFiles/AT32F403A_Clion.elf.dir/libraries/drivers/src/at32f403a_407_usart.c.obj
                0x080016f0                usart_enable
 .text.usart_transmitter_enable
                0x080016fa        0xa CMakeFiles/AT32F403A_Clion.elf.dir/libraries/drivers/src/at32f403a_407_usart.c.obj
                0x080016fa                usart_transmitter_enable
 .text.usart_data_transmit
                0x08001704        0x8 CMakeFiles/AT32F403A_Clion.elf.dir/libraries/drivers/src/at32f403a_407_usart.c.obj
                0x08001704                usart_data_transmit
 .text.usart_flag_get
                0x0800170c        0xe CMakeFiles/AT32F403A_Clion.elf.dir/libraries/drivers/src/at32f403a_407_usart.c.obj
                0x0800170c                usart_flag_get
 *fill*         0x0800171a        0x2 
 .text._write   0x0800171c       0x3c CMakeFiles/AT32F403A_Clion.elf.dir/project/board/at32f403a_407_board.c.obj
                0x0800171c                _write
 .text.uart_print_init
                0x08001758       0x9c CMakeFiles/AT32F403A_Clion.elf.dir/project/board/at32f403a_407_board.c.obj
                0x08001758                uart_print_init
 .text.at32_button_init
                0x080017f4       0x44 CMakeFiles/AT32F403A_Clion.elf.dir/project/board/at32f403a_407_board.c.obj
                0x080017f4                at32_button_init
 .text.at32_led_init
                0x08001838       0x54 CMakeFiles/AT32F403A_Clion.elf.dir/project/board/at32f403a_407_board.c.obj
                0x08001838                at32_led_init
 .text.at32_led_off
                0x0800188c       0x20 CMakeFiles/AT32F403A_Clion.elf.dir/project/board/at32f403a_407_board.c.obj
                0x0800188c                at32_led_off
 .text.delay_init
                0x080018ac       0x38 CMakeFiles/AT32F403A_Clion.elf.dir/project/board/at32f403a_407_board.c.obj
                0x080018ac                delay_init
 .text.at32_board_init
                0x080018e4       0x30 CMakeFiles/AT32F403A_Clion.elf.dir/project/board/at32f403a_407_board.c.obj
                0x080018e4                at32_board_init
 .text.delay_ms
                0x08001914       0x64 CMakeFiles/AT32F403A_Clion.elf.dir/project/board/at32f403a_407_board.c.obj
                0x08001914                delay_ms
 .text.delay_sec
                0x08001978       0x22 CMakeFiles/AT32F403A_Clion.elf.dir/project/board/at32f403a_407_board.c.obj
                0x08001978                delay_sec
 .text.system_clock_config
                0x0800199a       0x6a CMakeFiles/AT32F403A_Clion.elf.dir/project/src/at32f403a_407_clock.c.obj
                0x0800199a                system_clock_config
 .text.NMI_Handler
                0x08001a04        0x2 CMakeFiles/AT32F403A_Clion.elf.dir/project/src/at32f403a_407_int.c.obj
                0x08001a04                NMI_Handler
 .text.HardFault_Handler
                0x08001a06        0x2 CMakeFiles/AT32F403A_Clion.elf.dir/project/src/at32f403a_407_int.c.obj
                0x08001a06                HardFault_Handler
 .text.MemManage_Handler
                0x08001a08        0x2 CMakeFiles/AT32F403A_Clion.elf.dir/project/src/at32f403a_407_int.c.obj
                0x08001a08                MemManage_Handler
 .text.BusFault_Handler
                0x08001a0a        0x2 CMakeFiles/AT32F403A_Clion.elf.dir/project/src/at32f403a_407_int.c.obj
                0x08001a0a                BusFault_Handler
 .text.UsageFault_Handler
                0x08001a0c        0x2 CMakeFiles/AT32F403A_Clion.elf.dir/project/src/at32f403a_407_int.c.obj
                0x08001a0c                UsageFault_Handler
 .text.SVC_Handler
                0x08001a0e        0x2 CMakeFiles/AT32F403A_Clion.elf.dir/project/src/at32f403a_407_int.c.obj
                0x08001a0e                SVC_Handler
 .text.DebugMon_Handler
                0x08001a10        0x2 CMakeFiles/AT32F403A_Clion.elf.dir/project/src/at32f403a_407_int.c.obj
                0x08001a10                DebugMon_Handler
 .text.PendSV_Handler
                0x08001a12        0x2 CMakeFiles/AT32F403A_Clion.elf.dir/project/src/at32f403a_407_int.c.obj
                0x08001a12                PendSV_Handler
 .text.SysTick_Handler
                0x08001a14        0x2 CMakeFiles/AT32F403A_Clion.elf.dir/project/src/at32f403a_407_int.c.obj
                0x08001a14                SysTick_Handler
 *fill*         0x08001a16        0x2 
 .text.main     0x08001a18       0x3c CMakeFiles/AT32F403A_Clion.elf.dir/project/src/main.c.obj
                0x08001a18                main
 .text.Reset_Handler
                0x08001a54       0x48 CMakeFiles/AT32F403A_Clion.elf.dir/project/src/startup_at32f403a_407.s.obj
                0x08001a54                Reset_Handler
 .text.Default_Handler
                0x08001a9c        0x2 CMakeFiles/AT32F403A_Clion.elf.dir/project/src/startup_at32f403a_407.s.obj
                0x08001a9c                SDIO1_IRQHandler
                0x08001a9c                XMC_IRQHandler
                0x08001a9c                EXINT2_IRQHandler
                0x08001a9c                USBFS_L_CAN1_RX0_IRQHandler
                0x08001a9c                UART8_IRQHandler
                0x08001a9c                SPI4_IRQHandler
                0x08001a9c                I2C2_EVT_IRQHandler
                0x08001a9c                TMR1_OVF_TMR10_IRQHandler
                0x08001a9c                TMR8_TRG_HALL_TMR14_IRQHandler
                0x08001a9c                USBFS_H_CAN1_TX_IRQHandler
                0x08001a9c                I2C1_ERR_IRQHandler
                0x08001a9c                EXINT9_5_IRQHandler
                0x08001a9c                EMAC_IRQHandler
                0x08001a9c                CAN2_RX1_IRQHandler
                0x08001a9c                TMR5_GLOBAL_IRQHandler
                0x08001a9c                SDIO2_IRQHandler
                0x08001a9c                ADC1_2_IRQHandler
                0x08001a9c                SPI1_IRQHandler
                0x08001a9c                TAMPER_IRQHandler
                0x08001a9c                CAN2_RX0_IRQHandler
                0x08001a9c                DMA2_Channel2_IRQHandler
                0x08001a9c                DMA1_Channel4_IRQHandler
                0x08001a9c                TMR8_CH_IRQHandler
                0x08001a9c                USART6_IRQHandler
                0x08001a9c                EXINT0_IRQHandler
                0x08001a9c                USART3_IRQHandler
                0x08001a9c                RTC_IRQHandler
                0x08001a9c                DMA1_Channel7_IRQHandler
                0x08001a9c                CAN1_RX1_IRQHandler
                0x08001a9c                UART5_IRQHandler
                0x08001a9c                ADC3_IRQHandler
                0x08001a9c                ACC_IRQHandler
                0x08001a9c                EMAC_WKUP_IRQHandler
                0x08001a9c                DMA2_Channel1_IRQHandler
                0x08001a9c                EXINT3_IRQHandler
                0x08001a9c                DMA1_Channel6_IRQHandler
                0x08001a9c                UART4_IRQHandler
                0x08001a9c                DMA1_Channel1_IRQHandler
                0x08001a9c                Default_Handler
                0x08001a9c                USBFS_MAPH_IRQHandler
                0x08001a9c                TMR3_GLOBAL_IRQHandler
                0x08001a9c                TMR7_GLOBAL_IRQHandler
                0x08001a9c                CAN1_SE_IRQHandler
                0x08001a9c                CAN2_TX_IRQHandler
                0x08001a9c                I2C3_ERR_IRQHandler
                0x08001a9c                SPI3_I2S3EXT_IRQHandler
                0x08001a9c                TMR1_BRK_TMR9_IRQHandler
                0x08001a9c                USBFS_MAPL_IRQHandler
                0x08001a9c                TMR8_BRK_TMR12_IRQHandler
                0x08001a9c                TMR1_TRG_HALL_TMR11_IRQHandler
                0x08001a9c                DMA1_Channel5_IRQHandler
                0x08001a9c                TMR4_GLOBAL_IRQHandler
                0x08001a9c                EXINT4_IRQHandler
                0x08001a9c                CAN2_SE_IRQHandler
                0x08001a9c                DMA2_Channel6_7_IRQHandler
                0x08001a9c                PVM_IRQHandler
                0x08001a9c                I2C3_EVT_IRQHandler
                0x08001a9c                DMA1_Channel3_IRQHandler
                0x08001a9c                I2C1_EVT_IRQHandler
                0x08001a9c                TMR8_OVF_TMR13_IRQHandler
                0x08001a9c                TMR6_GLOBAL_IRQHandler
                0x08001a9c                EXINT1_IRQHandler
                0x08001a9c                RTCAlarm_IRQHandler
                0x08001a9c                DMA2_Channel4_5_IRQHandler
                0x08001a9c                UART7_IRQHandler
                0x08001a9c                USART2_IRQHandler
                0x08001a9c                DMA1_Channel2_IRQHandler
                0x08001a9c                TMR2_GLOBAL_IRQHandler
                0x08001a9c                FLASH_IRQHandler
                0x08001a9c                SPI2_I2S2EXT_IRQHandler
                0x08001a9c                I2C2_ERR_IRQHandler
                0x08001a9c                USBFSWakeUp_IRQHandler
                0x08001a9c                USART1_IRQHandler
                0x08001a9c                TMR1_CH_IRQHandler
                0x08001a9c                CRM_IRQHandler
                0x08001a9c                EXINT15_10_IRQHandler
                0x08001a9c                WWDT_IRQHandler
                0x08001a9c                DMA2_Channel3_IRQHandler
 .text._getpid  0x08001a9e        0x4 CMakeFiles/AT32F403A_Clion.elf.dir/project/src/syscalls.c.obj
                0x08001a9e                _getpid
 .text._kill    0x08001aa2       0x10 CMakeFiles/AT32F403A_Clion.elf.dir/project/src/syscalls.c.obj
                0x08001aa2                _kill
 .text._exit    0x08001ab2        0xc CMakeFiles/AT32F403A_Clion.elf.dir/project/src/syscalls.c.obj
                0x08001ab2                _exit
 .text._read    0x08001abe       0x20 CMakeFiles/AT32F403A_Clion.elf.dir/project/src/syscalls.c.obj
                0x08001abe                _read
 .text._close   0x08001ade        0x6 CMakeFiles/AT32F403A_Clion.elf.dir/project/src/syscalls.c.obj
                0x08001ade                _close
 .text._fstat   0x08001ae4        0xa CMakeFiles/AT32F403A_Clion.elf.dir/project/src/syscalls.c.obj
                0x08001ae4                _fstat
 .text._isatty  0x08001aee        0x4 CMakeFiles/AT32F403A_Clion.elf.dir/project/src/syscalls.c.obj
                0x08001aee                _isatty
 .text._lseek   0x08001af2        0x4 CMakeFiles/AT32F403A_Clion.elf.dir/project/src/syscalls.c.obj
                0x08001af2                _lseek
 *fill*         0x08001af6        0x2 
 .text._sbrk    0x08001af8       0x48 CMakeFiles/AT32F403A_Clion.elf.dir/project/src/sysmem.c.obj
                0x08001af8                _sbrk
 .text.__errno  0x08001b40        0xc c:/program files (x86)/gnu arm embedded toolchain/10 2021.10/bin/../lib/gcc/arm-none-eabi/10.3.1/../../../../arm-none-eabi/lib/thumb/v7e-m+fp/hard\libg.a(lib_a-errno.o)
                0x08001b40                __errno
 .text.__libc_init_array
                0x08001b4c       0x48 c:/program files (x86)/gnu arm embedded toolchain/10 2021.10/bin/../lib/gcc/arm-none-eabi/10.3.1/../../../../arm-none-eabi/lib/thumb/v7e-m+fp/hard\libg.a(lib_a-init.o)
                0x08001b4c                __libc_init_array
 .text.memset   0x08001b94       0xa4 c:/program files (x86)/gnu arm embedded toolchain/10 2021.10/bin/../lib/gcc/arm-none-eabi/10.3.1/../../../../arm-none-eabi/lib/thumb/v7e-m+fp/hard\libg.a(lib_a-memset.o)
                0x08001b94                memset
 .text.printf   0x08001c38       0x28 c:/program files (x86)/gnu arm embedded toolchain/10 2021.10/bin/../lib/gcc/arm-none-eabi/10.3.1/../../../../arm-none-eabi/lib/thumb/v7e-m+fp/hard\libg.a(lib_a-printf.o)
                0x08001c38                printf
 .text._puts_r  0x08001c60       0x9c c:/program files (x86)/gnu arm embedded toolchain/10 2021.10/bin/../lib/gcc/arm-none-eabi/10.3.1/../../../../arm-none-eabi/lib/thumb/v7e-m+fp/hard\libg.a(lib_a-puts.o)
                0x08001c60                _puts_r
 .text.puts     0x08001cfc       0x10 c:/program files (x86)/gnu arm embedded toolchain/10 2021.10/bin/../lib/gcc/arm-none-eabi/10.3.1/../../../../arm-none-eabi/lib/thumb/v7e-m+fp/hard\libg.a(lib_a-puts.o)
                0x08001cfc                puts
 .text.setvbuf  0x08001d0c      0x1b0 c:/program files (x86)/gnu arm embedded toolchain/10 2021.10/bin/../lib/gcc/arm-none-eabi/10.3.1/../../../../arm-none-eabi/lib/thumb/v7e-m+fp/hard\libg.a(lib_a-setvbuf.o)
                0x08001d0c                setvbuf
 *fill*         0x08001ebc        0x4 
 .text._vfprintf_r
                0x08001ec0     0x1b90 c:/program files (x86)/gnu arm embedded toolchain/10 2021.10/bin/../lib/gcc/arm-none-eabi/10.3.1/../../../../arm-none-eabi/lib/thumb/v7e-m+fp/hard\libg.a(lib_a-vfprintf.o)
                0x08001ec0                _vfprintf_r
 .text.__sbprintf
                0x08003a50       0x80 c:/program files (x86)/gnu arm embedded toolchain/10 2021.10/bin/../lib/gcc/arm-none-eabi/10.3.1/../../../../arm-none-eabi/lib/thumb/v7e-m+fp/hard\libg.a(lib_a-vfprintf.o)
 .text.__swsetup_r
                0x08003ad0       0xd4 c:/program files (x86)/gnu arm embedded toolchain/10 2021.10/bin/../lib/gcc/arm-none-eabi/10.3.1/../../../../arm-none-eabi/lib/thumb/v7e-m+fp/hard\libg.a(lib_a-wsetup.o)
                0x08003ad0                __swsetup_r
 .text.startup.register_fini
                0x08003ba4       0x14 c:/program files (x86)/gnu arm embedded toolchain/10 2021.10/bin/../lib/gcc/arm-none-eabi/10.3.1/../../../../arm-none-eabi/lib/thumb/v7e-m+fp/hard\libg.a(lib_a-__call_atexit.o)
 .text.atexit   0x08003bb8        0xc c:/program files (x86)/gnu arm embedded toolchain/10 2021.10/bin/../lib/gcc/arm-none-eabi/10.3.1/../../../../arm-none-eabi/lib/thumb/v7e-m+fp/hard\libg.a(lib_a-atexit.o)
                0x08003bb8                atexit
 .text.quorem   0x08003bc4      0x128 c:/program files (x86)/gnu arm embedded toolchain/10 2021.10/bin/../lib/gcc/arm-none-eabi/10.3.1/../../../../arm-none-eabi/lib/thumb/v7e-m+fp/hard\libg.a(lib_a-dtoa.o)
 *fill*         0x08003cec        0x4 
 .text._dtoa_r  0x08003cf0      0xf3c c:/program files (x86)/gnu arm embedded toolchain/10 2021.10/bin/../lib/gcc/arm-none-eabi/10.3.1/../../../../arm-none-eabi/lib/thumb/v7e-m+fp/hard\libg.a(lib_a-dtoa.o)
                0x08003cf0                _dtoa_r
 .text.__sflush_r
                0x08004c2c      0x130 c:/program files (x86)/gnu arm embedded toolchain/10 2021.10/bin/../lib/gcc/arm-none-eabi/10.3.1/../../../../arm-none-eabi/lib/thumb/v7e-m+fp/hard\libg.a(lib_a-fflush.o)
                0x08004c2c                __sflush_r
 .text._fflush_r
                0x08004d5c       0x5c c:/program files (x86)/gnu arm embedded toolchain/10 2021.10/bin/../lib/gcc/arm-none-eabi/10.3.1/../../../../arm-none-eabi/lib/thumb/v7e-m+fp/hard\libg.a(lib_a-fflush.o)
                0x08004d5c                _fflush_r
 .text._cleanup_r
                0x08004db8        0xc c:/program files (x86)/gnu arm embedded toolchain/10 2021.10/bin/../lib/gcc/arm-none-eabi/10.3.1/../../../../arm-none-eabi/lib/thumb/v7e-m+fp/hard\libg.a(lib_a-findfp.o)
                0x08004db8                _cleanup_r
 .text.__sinit  0x08004dc4      0x10c c:/program files (x86)/gnu arm embedded toolchain/10 2021.10/bin/../lib/gcc/arm-none-eabi/10.3.1/../../../../arm-none-eabi/lib/thumb/v7e-m+fp/hard\libg.a(lib_a-findfp.o)
                0x08004dc4                __sinit
 .text.__sfp_lock_acquire
                0x08004ed0        0xc c:/program files (x86)/gnu arm embedded toolchain/10 2021.10/bin/../lib/gcc/arm-none-eabi/10.3.1/../../../../arm-none-eabi/lib/thumb/v7e-m+fp/hard\libg.a(lib_a-findfp.o)
                0x08004ed0                __sfp_lock_acquire
 .text.__sfp_lock_release
                0x08004edc        0xc c:/program files (x86)/gnu arm embedded toolchain/10 2021.10/bin/../lib/gcc/arm-none-eabi/10.3.1/../../../../arm-none-eabi/lib/thumb/v7e-m+fp/hard\libg.a(lib_a-findfp.o)
                0x08004edc                __sfp_lock_release
 .text.__libc_fini_array
                0x08004ee8       0x2c c:/program files (x86)/gnu arm embedded toolchain/10 2021.10/bin/../lib/gcc/arm-none-eabi/10.3.1/../../../../arm-none-eabi/lib/thumb/v7e-m+fp/hard\libg.a(lib_a-fini.o)
                0x08004ee8                __libc_fini_array
 .text._malloc_trim_r
                0x08004f14       0xa0 c:/program files (x86)/gnu arm embedded toolchain/10 2021.10/bin/../lib/gcc/arm-none-eabi/10.3.1/../../../../arm-none-eabi/lib/thumb/v7e-m+fp/hard\libg.a(lib_a-freer.o)
                0x08004f14                _malloc_trim_r
 .text._free_r  0x08004fb4      0x20c c:/program files (x86)/gnu arm embedded toolchain/10 2021.10/bin/../lib/gcc/arm-none-eabi/10.3.1/../../../../arm-none-eabi/lib/thumb/v7e-m+fp/hard\libg.a(lib_a-freer.o)
                0x08004fb4                _free_r
 .text.__sfvwrite_r
                0x080051c0      0x2f0 c:/program files (x86)/gnu arm embedded toolchain/10 2021.10/bin/../lib/gcc/arm-none-eabi/10.3.1/../../../../arm-none-eabi/lib/thumb/v7e-m+fp/hard\libg.a(lib_a-fvwrite.o)
                0x080051c0                __sfvwrite_r
 .text._fwalk_reent
                0x080054b0       0x48 c:/program files (x86)/gnu arm embedded toolchain/10 2021.10/bin/../lib/gcc/arm-none-eabi/10.3.1/../../../../arm-none-eabi/lib/thumb/v7e-m+fp/hard\libg.a(lib_a-fwalk.o)
                0x080054b0                _fwalk_reent
 .text._localeconv_r
                0x080054f8        0x8 c:/program files (x86)/gnu arm embedded toolchain/10 2021.10/bin/../lib/gcc/arm-none-eabi/10.3.1/../../../../arm-none-eabi/lib/thumb/v7e-m+fp/hard\libg.a(lib_a-localeconv.o)
                0x080054f8                _localeconv_r
 .text.__retarget_lock_init_recursive
                0x08005500        0x4 c:/program files (x86)/gnu arm embedded toolchain/10 2021.10/bin/../lib/gcc/arm-none-eabi/10.3.1/../../../../arm-none-eabi/lib/thumb/v7e-m+fp/hard\libg.a(lib_a-lock.o)
                0x08005500                __retarget_lock_init_recursive
 .text.__retarget_lock_close_recursive
                0x08005504        0x4 c:/program files (x86)/gnu arm embedded toolchain/10 2021.10/bin/../lib/gcc/arm-none-eabi/10.3.1/../../../../arm-none-eabi/lib/thumb/v7e-m+fp/hard\libg.a(lib_a-lock.o)
                0x08005504                __retarget_lock_close_recursive
 .text.__retarget_lock_acquire_recursive
                0x08005508        0x4 c:/program files (x86)/gnu arm embedded toolchain/10 2021.10/bin/../lib/gcc/arm-none-eabi/10.3.1/../../../../arm-none-eabi/lib/thumb/v7e-m+fp/hard\libg.a(lib_a-lock.o)
                0x08005508                __retarget_lock_acquire_recursive
 .text.__retarget_lock_release_recursive
                0x0800550c        0x4 c:/program files (x86)/gnu arm embedded toolchain/10 2021.10/bin/../lib/gcc/arm-none-eabi/10.3.1/../../../../arm-none-eabi/lib/thumb/v7e-m+fp/hard\libg.a(lib_a-lock.o)
                0x0800550c                __retarget_lock_release_recursive
 .text.__smakebuf_r
                0x08005510       0xe0 c:/program files (x86)/gnu arm embedded toolchain/10 2021.10/bin/../lib/gcc/arm-none-eabi/10.3.1/../../../../arm-none-eabi/lib/thumb/v7e-m+fp/hard\libg.a(lib_a-makebuf.o)
                0x08005510                __smakebuf_r
 .text.__swhatbuf_r
                0x080055f0       0x60 c:/program files (x86)/gnu arm embedded toolchain/10 2021.10/bin/../lib/gcc/arm-none-eabi/10.3.1/../../../../arm-none-eabi/lib/thumb/v7e-m+fp/hard\libg.a(lib_a-makebuf.o)
                0x080055f0                __swhatbuf_r
 .text.malloc   0x08005650       0x10 c:/program files (x86)/gnu arm embedded toolchain/10 2021.10/bin/../lib/gcc/arm-none-eabi/10.3.1/../../../../arm-none-eabi/lib/thumb/v7e-m+fp/hard\libg.a(lib_a-malloc.o)
                0x08005650                malloc
 .text._malloc_r
                0x08005660      0x560 c:/program files (x86)/gnu arm embedded toolchain/10 2021.10/bin/../lib/gcc/arm-none-eabi/10.3.1/../../../../arm-none-eabi/lib/thumb/v7e-m+fp/hard\libg.a(lib_a-mallocr.o)
                0x08005660                _malloc_r
 .text.memmove  0x08005bc0       0xf8 c:/program files (x86)/gnu arm embedded toolchain/10 2021.10/bin/../lib/gcc/arm-none-eabi/10.3.1/../../../../arm-none-eabi/lib/thumb/v7e-m+fp/hard\libg.a(lib_a-memmove.o)
                0x08005bc0                memmove
 .text.__malloc_lock
                0x08005cb8        0xc c:/program files (x86)/gnu arm embedded toolchain/10 2021.10/bin/../lib/gcc/arm-none-eabi/10.3.1/../../../../arm-none-eabi/lib/thumb/v7e-m+fp/hard\libg.a(lib_a-mlock.o)
                0x08005cb8                __malloc_lock
 .text.__malloc_unlock
                0x08005cc4        0xc c:/program files (x86)/gnu arm embedded toolchain/10 2021.10/bin/../lib/gcc/arm-none-eabi/10.3.1/../../../../arm-none-eabi/lib/thumb/v7e-m+fp/hard\libg.a(lib_a-mlock.o)
                0x08005cc4                __malloc_unlock
 .text._Balloc  0x08005cd0       0x4c c:/program files (x86)/gnu arm embedded toolchain/10 2021.10/bin/../lib/gcc/arm-none-eabi/10.3.1/../../../../arm-none-eabi/lib/thumb/v7e-m+fp/hard\libg.a(lib_a-mprec.o)
                0x08005cd0                _Balloc
 .text._Bfree   0x08005d1c       0x14 c:/program files (x86)/gnu arm embedded toolchain/10 2021.10/bin/../lib/gcc/arm-none-eabi/10.3.1/../../../../arm-none-eabi/lib/thumb/v7e-m+fp/hard\libg.a(lib_a-mprec.o)
                0x08005d1c                _Bfree
 .text.__multadd
                0x08005d30       0xa8 c:/program files (x86)/gnu arm embedded toolchain/10 2021.10/bin/../lib/gcc/arm-none-eabi/10.3.1/../../../../arm-none-eabi/lib/thumb/v7e-m+fp/hard\libg.a(lib_a-mprec.o)
                0x08005d30                __multadd
 .text.__hi0bits
                0x08005dd8       0x40 c:/program files (x86)/gnu arm embedded toolchain/10 2021.10/bin/../lib/gcc/arm-none-eabi/10.3.1/../../../../arm-none-eabi/lib/thumb/v7e-m+fp/hard\libg.a(lib_a-mprec.o)
                0x08005dd8                __hi0bits
 .text.__lo0bits
                0x08005e18       0x60 c:/program files (x86)/gnu arm embedded toolchain/10 2021.10/bin/../lib/gcc/arm-none-eabi/10.3.1/../../../../arm-none-eabi/lib/thumb/v7e-m+fp/hard\libg.a(lib_a-mprec.o)
                0x08005e18                __lo0bits
 .text.__i2b    0x08005e78       0x5c c:/program files (x86)/gnu arm embedded toolchain/10 2021.10/bin/../lib/gcc/arm-none-eabi/10.3.1/../../../../arm-none-eabi/lib/thumb/v7e-m+fp/hard\libg.a(lib_a-mprec.o)
                0x08005e78                __i2b
 .text.__multiply
                0x08005ed4      0x15c c:/program files (x86)/gnu arm embedded toolchain/10 2021.10/bin/../lib/gcc/arm-none-eabi/10.3.1/../../../../arm-none-eabi/lib/thumb/v7e-m+fp/hard\libg.a(lib_a-mprec.o)
                0x08005ed4                __multiply
 .text.__pow5mult
                0x08006030       0xc0 c:/program files (x86)/gnu arm embedded toolchain/10 2021.10/bin/../lib/gcc/arm-none-eabi/10.3.1/../../../../arm-none-eabi/lib/thumb/v7e-m+fp/hard\libg.a(lib_a-mprec.o)
                0x08006030                __pow5mult
 .text.__lshift
                0x080060f0       0xf0 c:/program files (x86)/gnu arm embedded toolchain/10 2021.10/bin/../lib/gcc/arm-none-eabi/10.3.1/../../../../arm-none-eabi/lib/thumb/v7e-m+fp/hard\libg.a(lib_a-mprec.o)
                0x080060f0                __lshift
 .text.__mcmp   0x080061e0       0x44 c:/program files (x86)/gnu arm embedded toolchain/10 2021.10/bin/../lib/gcc/arm-none-eabi/10.3.1/../../../../arm-none-eabi/lib/thumb/v7e-m+fp/hard\libg.a(lib_a-mprec.o)
                0x080061e0                __mcmp
 .text.__mdiff  0x08006224      0x14c c:/program files (x86)/gnu arm embedded toolchain/10 2021.10/bin/../lib/gcc/arm-none-eabi/10.3.1/../../../../arm-none-eabi/lib/thumb/v7e-m+fp/hard\libg.a(lib_a-mprec.o)
                0x08006224                __mdiff
 .text.__d2b    0x08006370       0xd0 c:/program files (x86)/gnu arm embedded toolchain/10 2021.10/bin/../lib/gcc/arm-none-eabi/10.3.1/../../../../arm-none-eabi/lib/thumb/v7e-m+fp/hard\libg.a(lib_a-mprec.o)
                0x08006370                __d2b
 .text._realloc_r
                0x08006440      0x3d8 c:/program files (x86)/gnu arm embedded toolchain/10 2021.10/bin/../lib/gcc/arm-none-eabi/10.3.1/../../../../arm-none-eabi/lib/thumb/v7e-m+fp/hard\libg.a(lib_a-reallocr.o)
                0x08006440                _realloc_r
 .text.frexp    0x08006818       0x6c c:/program files (x86)/gnu arm embedded toolchain/10 2021.10/bin/../lib/gcc/arm-none-eabi/10.3.1/../../../../arm-none-eabi/lib/thumb/v7e-m+fp/hard\libg.a(lib_a-s_frexp.o)
                0x08006818                frexp
 .text._sbrk_r  0x08006884       0x24 c:/program files (x86)/gnu arm embedded toolchain/10 2021.10/bin/../lib/gcc/arm-none-eabi/10.3.1/../../../../arm-none-eabi/lib/thumb/v7e-m+fp/hard\libg.a(lib_a-sbrkr.o)
                0x08006884                _sbrk_r
 .text.__sread  0x080068a8       0x24 c:/program files (x86)/gnu arm embedded toolchain/10 2021.10/bin/../lib/gcc/arm-none-eabi/10.3.1/../../../../arm-none-eabi/lib/thumb/v7e-m+fp/hard\libg.a(lib_a-stdio.o)
                0x080068a8                __sread
 .text.__swrite
                0x080068cc       0x40 c:/program files (x86)/gnu arm embedded toolchain/10 2021.10/bin/../lib/gcc/arm-none-eabi/10.3.1/../../../../arm-none-eabi/lib/thumb/v7e-m+fp/hard\libg.a(lib_a-stdio.o)
                0x080068cc                __swrite
 .text.__sseek  0x0800690c       0x20 c:/program files (x86)/gnu arm embedded toolchain/10 2021.10/bin/../lib/gcc/arm-none-eabi/10.3.1/../../../../arm-none-eabi/lib/thumb/v7e-m+fp/hard\libg.a(lib_a-stdio.o)
                0x0800690c                __sseek
 .text.__sclose
                0x0800692c        0x8 c:/program files (x86)/gnu arm embedded toolchain/10 2021.10/bin/../lib/gcc/arm-none-eabi/10.3.1/../../../../arm-none-eabi/lib/thumb/v7e-m+fp/hard\libg.a(lib_a-stdio.o)
                0x0800692c                __sclose
 .text.strncpy  0x08006934       0x64 c:/program files (x86)/gnu arm embedded toolchain/10 2021.10/bin/../lib/gcc/arm-none-eabi/10.3.1/../../../../arm-none-eabi/lib/thumb/v7e-m+fp/hard\libg.a(lib_a-strncpy.o)
                0x08006934                strncpy
 .text.__sprint_r.part.0
                0x08006998       0x78 c:/program files (x86)/gnu arm embedded toolchain/10 2021.10/bin/../lib/gcc/arm-none-eabi/10.3.1/../../../../arm-none-eabi/lib/thumb/v7e-m+fp/hard\libg.a(lib_a-vfiprintf.o)
 .text.__sprint_r
                0x08006a10       0x18 c:/program files (x86)/gnu arm embedded toolchain/10 2021.10/bin/../lib/gcc/arm-none-eabi/10.3.1/../../../../arm-none-eabi/lib/thumb/v7e-m+fp/hard\libg.a(lib_a-vfiprintf.o)
                0x08006a10                __sprint_r
 .text._vfiprintf_r
                0x08006a28      0xdfc c:/program files (x86)/gnu arm embedded toolchain/10 2021.10/bin/../lib/gcc/arm-none-eabi/10.3.1/../../../../arm-none-eabi/lib/thumb/v7e-m+fp/hard\libg.a(lib_a-vfiprintf.o)
                0x08006a28                _vfiprintf_r
 .text.__sbprintf
                0x08007824       0x80 c:/program files (x86)/gnu arm embedded toolchain/10 2021.10/bin/../lib/gcc/arm-none-eabi/10.3.1/../../../../arm-none-eabi/lib/thumb/v7e-m+fp/hard\libg.a(lib_a-vfiprintf.o)
 .text._write_r
                0x080078a4       0x2c c:/program files (x86)/gnu arm embedded toolchain/10 2021.10/bin/../lib/gcc/arm-none-eabi/10.3.1/../../../../arm-none-eabi/lib/thumb/v7e-m+fp/hard\libg.a(lib_a-writer.o)
                0x080078a4                _write_r
 .text.__register_exitproc
                0x080078d0       0x8c c:/program files (x86)/gnu arm embedded toolchain/10 2021.10/bin/../lib/gcc/arm-none-eabi/10.3.1/../../../../arm-none-eabi/lib/thumb/v7e-m+fp/hard\libg.a(lib_a-__atexit.o)
                0x080078d0                __register_exitproc
 .text.__assert_func
                0x0800795c       0x40 c:/program files (x86)/gnu arm embedded toolchain/10 2021.10/bin/../lib/gcc/arm-none-eabi/10.3.1/../../../../arm-none-eabi/lib/thumb/v7e-m+fp/hard\libg.a(lib_a-assert.o)
                0x0800795c                __assert_func
 .text._calloc_r
                0x0800799c       0x78 c:/program files (x86)/gnu arm embedded toolchain/10 2021.10/bin/../lib/gcc/arm-none-eabi/10.3.1/../../../../arm-none-eabi/lib/thumb/v7e-m+fp/hard\libg.a(lib_a-callocr.o)
                0x0800799c                _calloc_r
 .text._close_r
                0x08007a14       0x24 c:/program files (x86)/gnu arm embedded toolchain/10 2021.10/bin/../lib/gcc/arm-none-eabi/10.3.1/../../../../arm-none-eabi/lib/thumb/v7e-m+fp/hard\libg.a(lib_a-closer.o)
                0x08007a14                _close_r
 .text._fclose_r
                0x08007a38       0xcc c:/program files (x86)/gnu arm embedded toolchain/10 2021.10/bin/../lib/gcc/arm-none-eabi/10.3.1/../../../../arm-none-eabi/lib/thumb/v7e-m+fp/hard\libg.a(lib_a-fclose.o)
                0x08007a38                _fclose_r
 .text.fiprintf
                0x08007b04       0x28 c:/program files (x86)/gnu arm embedded toolchain/10 2021.10/bin/../lib/gcc/arm-none-eabi/10.3.1/../../../../arm-none-eabi/lib/thumb/v7e-m+fp/hard\libg.a(lib_a-fiprintf.o)
                0x08007b04                fiprintf
 .text.__fputwc
                0x08007b2c       0xa8 c:/program files (x86)/gnu arm embedded toolchain/10 2021.10/bin/../lib/gcc/arm-none-eabi/10.3.1/../../../../arm-none-eabi/lib/thumb/v7e-m+fp/hard\libg.a(lib_a-fputwc.o)
                0x08007b2c                __fputwc
 .text._fputwc_r
                0x08007bd4       0x68 c:/program files (x86)/gnu arm embedded toolchain/10 2021.10/bin/../lib/gcc/arm-none-eabi/10.3.1/../../../../arm-none-eabi/lib/thumb/v7e-m+fp/hard\libg.a(lib_a-fputwc.o)
                0x08007bd4                _fputwc_r
 .text._fstat_r
                0x08007c3c       0x2c c:/program files (x86)/gnu arm embedded toolchain/10 2021.10/bin/../lib/gcc/arm-none-eabi/10.3.1/../../../../arm-none-eabi/lib/thumb/v7e-m+fp/hard\libg.a(lib_a-fstatr.o)
                0x08007c3c                _fstat_r
 .text._isatty_r
                0x08007c68       0x24 c:/program files (x86)/gnu arm embedded toolchain/10 2021.10/bin/../lib/gcc/arm-none-eabi/10.3.1/../../../../arm-none-eabi/lib/thumb/v7e-m+fp/hard\libg.a(lib_a-isattyr.o)
                0x08007c68                _isatty_r
 .text.__locale_mb_cur_max
                0x08007c8c        0xc c:/program files (x86)/gnu arm embedded toolchain/10 2021.10/bin/../lib/gcc/arm-none-eabi/10.3.1/../../../../arm-none-eabi/lib/thumb/v7e-m+fp/hard\libg.a(lib_a-locale.o)
                0x08007c8c                __locale_mb_cur_max
 .text._lseek_r
                0x08007c98       0x2c c:/program files (x86)/gnu arm embedded toolchain/10 2021.10/bin/../lib/gcc/arm-none-eabi/10.3.1/../../../../arm-none-eabi/lib/thumb/v7e-m+fp/hard\libg.a(lib_a-lseekr.o)
                0x08007c98                _lseek_r
 .text.__ascii_mbtowc
                0x08007cc4       0x2c c:/program files (x86)/gnu arm embedded toolchain/10 2021.10/bin/../lib/gcc/arm-none-eabi/10.3.1/../../../../arm-none-eabi/lib/thumb/v7e-m+fp/hard\libg.a(lib_a-mbtowc_r.o)
                0x08007cc4                __ascii_mbtowc
 .text._read_r  0x08007cf0       0x2c c:/program files (x86)/gnu arm embedded toolchain/10 2021.10/bin/../lib/gcc/arm-none-eabi/10.3.1/../../../../arm-none-eabi/lib/thumb/v7e-m+fp/hard\libg.a(lib_a-readr.o)
                0x08007cf0                _read_r
 .text.__swbuf_r
                0x08007d1c       0xb0 c:/program files (x86)/gnu arm embedded toolchain/10 2021.10/bin/../lib/gcc/arm-none-eabi/10.3.1/../../../../arm-none-eabi/lib/thumb/v7e-m+fp/hard\libg.a(lib_a-wbuf.o)
                0x08007d1c                __swbuf_r
 .text._wcrtomb_r
                0x08007dcc       0x3c c:/program files (x86)/gnu arm embedded toolchain/10 2021.10/bin/../lib/gcc/arm-none-eabi/10.3.1/../../../../arm-none-eabi/lib/thumb/v7e-m+fp/hard\libg.a(lib_a-wcrtomb.o)
                0x08007dcc                _wcrtomb_r
 .text.__ascii_wctomb
                0x08007e08       0x1c c:/program files (x86)/gnu arm embedded toolchain/10 2021.10/bin/../lib/gcc/arm-none-eabi/10.3.1/../../../../arm-none-eabi/lib/thumb/v7e-m+fp/hard\libg.a(lib_a-wctomb_r.o)
                0x08007e08                __ascii_wctomb
 .text.abort    0x08007e24       0x10 c:/program files (x86)/gnu arm embedded toolchain/10 2021.10/bin/../lib/gcc/arm-none-eabi/10.3.1/../../../../arm-none-eabi/lib/thumb/v7e-m+fp/hard\libg.a(lib_a-abort.o)
                0x08007e24                abort
 .text.raise    0x08007e34       0x5c c:/program files (x86)/gnu arm embedded toolchain/10 2021.10/bin/../lib/gcc/arm-none-eabi/10.3.1/../../../../arm-none-eabi/lib/thumb/v7e-m+fp/hard\libg.a(lib_a-signal.o)
                0x08007e34                raise
 .text._kill_r  0x08007e90       0x2c c:/program files (x86)/gnu arm embedded toolchain/10 2021.10/bin/../lib/gcc/arm-none-eabi/10.3.1/../../../../arm-none-eabi/lib/thumb/v7e-m+fp/hard\libg.a(lib_a-signalr.o)
                0x08007e90                _kill_r
 .text._getpid_r
                0x08007ebc        0x4 c:/program files (x86)/gnu arm embedded toolchain/10 2021.10/bin/../lib/gcc/arm-none-eabi/10.3.1/../../../../arm-none-eabi/lib/thumb/v7e-m+fp/hard\libg.a(lib_a-signalr.o)
                0x08007ebc                _getpid_r
 *(.glue_7)
 .glue_7        0x08007ec0        0x0 linker stubs
 *(.glue_7t)
 .glue_7t       0x08007ec0        0x0 linker stubs
 *(.eh_frame)
 .eh_frame      0x08007ec0        0x0 c:/program files (x86)/gnu arm embedded toolchain/10 2021.10/bin/../lib/gcc/arm-none-eabi/10.3.1/thumb/v7e-m+fp/hard/crtbegin.o
 *(.init)
 .init          0x08007ec0        0x4 c:/program files (x86)/gnu arm embedded toolchain/10 2021.10/bin/../lib/gcc/arm-none-eabi/10.3.1/thumb/v7e-m+fp/hard/crti.o
                0x08007ec0                _init
 .init          0x08007ec4        0x8 c:/program files (x86)/gnu arm embedded toolchain/10 2021.10/bin/../lib/gcc/arm-none-eabi/10.3.1/thumb/v7e-m+fp/hard/crtn.o
 *(.fini)
 .fini          0x08007ecc        0x4 c:/program files (x86)/gnu arm embedded toolchain/10 2021.10/bin/../lib/gcc/arm-none-eabi/10.3.1/thumb/v7e-m+fp/hard/crti.o
                0x08007ecc                _fini
 .fini          0x08007ed0        0x8 c:/program files (x86)/gnu arm embedded toolchain/10 2021.10/bin/../lib/gcc/arm-none-eabi/10.3.1/thumb/v7e-m+fp/hard/crtn.o
                0x08007ed8                . = ALIGN (0x4)
                0x08007ed8                _etext = .

.vfp11_veneer   0x08007ed8        0x0
 .vfp11_veneer  0x08007ed8        0x0 linker stubs

.v4_bx          0x08007ed8        0x0
 .v4_bx         0x08007ed8        0x0 linker stubs

.iplt           0x08007ed8        0x0
 .iplt          0x08007ed8        0x0 c:/program files (x86)/gnu arm embedded toolchain/10 2021.10/bin/../lib/gcc/arm-none-eabi/10.3.1/thumb/v7e-m+fp/hard/crtbegin.o

.rodata         0x08007ed8      0x4a0
                0x08007ed8                . = ALIGN (0x4)
 *(.rodata)
 *(.rodata*)
 .rodata.sys_ahb_div_table.0
                0x08007ed8       0x10 CMakeFiles/AT32F403A_Clion.elf.dir/libraries/cmsis/cm4/device_support/system_at32f403a_407.c.obj
 .rodata.adc_div_table.0
                0x08007ee8        0x8 CMakeFiles/AT32F403A_Clion.elf.dir/libraries/drivers/src/at32f403a_407_crm.c.obj
 .rodata.ahb_apb1_div_table.2
                0x08007ef0        0x8 CMakeFiles/AT32F403A_Clion.elf.dir/libraries/drivers/src/at32f403a_407_crm.c.obj
 .rodata.ahb_apb2_div_table.1
                0x08007ef8        0x8 CMakeFiles/AT32F403A_Clion.elf.dir/libraries/drivers/src/at32f403a_407_crm.c.obj
 .rodata.sclk_ahb_div_table.3
                0x08007f00       0x10 CMakeFiles/AT32F403A_Clion.elf.dir/libraries/drivers/src/at32f403a_407_crm.c.obj
 .rodata.main.str1.4
                0x08007f10       0x67 CMakeFiles/AT32F403A_Clion.elf.dir/project/src/main.c.obj
 *fill*         0x08007f77        0x1 
 .rodata._global_impure_ptr
                0x08007f78        0x4 c:/program files (x86)/gnu arm embedded toolchain/10 2021.10/bin/../lib/gcc/arm-none-eabi/10.3.1/../../../../arm-none-eabi/lib/thumb/v7e-m+fp/hard\libg.a(lib_a-impure.o)
                0x08007f78                _global_impure_ptr
 .rodata._puts_r.str1.4
                0x08007f7c        0x2 c:/program files (x86)/gnu arm embedded toolchain/10 2021.10/bin/../lib/gcc/arm-none-eabi/10.3.1/../../../../arm-none-eabi/lib/thumb/v7e-m+fp/hard\libg.a(lib_a-puts.o)
 *fill*         0x08007f7e        0x2 
 .rodata._vfprintf_r.str1.4
                0x08007f80       0x42 c:/program files (x86)/gnu arm embedded toolchain/10 2021.10/bin/../lib/gcc/arm-none-eabi/10.3.1/../../../../arm-none-eabi/lib/thumb/v7e-m+fp/hard\libg.a(lib_a-vfprintf.o)
 *fill*         0x08007fc2        0x2 
 .rodata.blanks.1
                0x08007fc4       0x10 c:/program files (x86)/gnu arm embedded toolchain/10 2021.10/bin/../lib/gcc/arm-none-eabi/10.3.1/../../../../arm-none-eabi/lib/thumb/v7e-m+fp/hard\libg.a(lib_a-vfprintf.o)
 .rodata.zeroes.0
                0x08007fd4       0x10 c:/program files (x86)/gnu arm embedded toolchain/10 2021.10/bin/../lib/gcc/arm-none-eabi/10.3.1/../../../../arm-none-eabi/lib/thumb/v7e-m+fp/hard\libg.a(lib_a-vfprintf.o)
 .rodata._dtoa_r.str1.4
                0x08007fe4       0xa2 c:/program files (x86)/gnu arm embedded toolchain/10 2021.10/bin/../lib/gcc/arm-none-eabi/10.3.1/../../../../arm-none-eabi/lib/thumb/v7e-m+fp/hard\libg.a(lib_a-dtoa.o)
                                 0xa6 (size before relaxing)
 *fill*         0x08008086        0x2 
 .rodata.__multadd.str1.4
                0x08008088       0x7f c:/program files (x86)/gnu arm embedded toolchain/10 2021.10/bin/../lib/gcc/arm-none-eabi/10.3.1/../../../../arm-none-eabi/lib/thumb/v7e-m+fp/hard\libg.a(lib_a-mprec.o)
                                 0x93 (size before relaxing)
 *fill*         0x08008107        0x1 
 .rodata.__mprec_bigtens
                0x08008108       0x28 c:/program files (x86)/gnu arm embedded toolchain/10 2021.10/bin/../lib/gcc/arm-none-eabi/10.3.1/../../../../arm-none-eabi/lib/thumb/v7e-m+fp/hard\libg.a(lib_a-mprec.o)
                0x08008108                __mprec_bigtens
 .rodata.__mprec_tens
                0x08008130       0xc8 c:/program files (x86)/gnu arm embedded toolchain/10 2021.10/bin/../lib/gcc/arm-none-eabi/10.3.1/../../../../arm-none-eabi/lib/thumb/v7e-m+fp/hard\libg.a(lib_a-mprec.o)
                0x08008130                __mprec_tens
 .rodata.p05.0  0x080081f8        0xc c:/program files (x86)/gnu arm embedded toolchain/10 2021.10/bin/../lib/gcc/arm-none-eabi/10.3.1/../../../../arm-none-eabi/lib/thumb/v7e-m+fp/hard\libg.a(lib_a-mprec.o)
 .rodata._vfiprintf_r.str1.4
                0x08008204       0x2f c:/program files (x86)/gnu arm embedded toolchain/10 2021.10/bin/../lib/gcc/arm-none-eabi/10.3.1/../../../../arm-none-eabi/lib/thumb/v7e-m+fp/hard\libg.a(lib_a-vfiprintf.o)
 .rodata.blanks.1
                0x08008204       0x10 c:/program files (x86)/gnu arm embedded toolchain/10 2021.10/bin/../lib/gcc/arm-none-eabi/10.3.1/../../../../arm-none-eabi/lib/thumb/v7e-m+fp/hard\libg.a(lib_a-vfiprintf.o)
 .rodata.zeroes.0
                0x08008214       0x10 c:/program files (x86)/gnu arm embedded toolchain/10 2021.10/bin/../lib/gcc/arm-none-eabi/10.3.1/../../../../arm-none-eabi/lib/thumb/v7e-m+fp/hard\libg.a(lib_a-vfiprintf.o)
 .rodata.__assert_func.str1.4
                0x08008224       0x3f c:/program files (x86)/gnu arm embedded toolchain/10 2021.10/bin/../lib/gcc/arm-none-eabi/10.3.1/../../../../arm-none-eabi/lib/thumb/v7e-m+fp/hard\libg.a(lib_a-assert.o)
                                 0x43 (size before relaxing)
 *fill*         0x08008263        0x1 
 .rodata._setlocale_r.str1.4
                0x08008264        0xa c:/program files (x86)/gnu arm embedded toolchain/10 2021.10/bin/../lib/gcc/arm-none-eabi/10.3.1/../../../../arm-none-eabi/lib/thumb/v7e-m+fp/hard\libg.a(lib_a-locale.o)
                                  0xd (size before relaxing)
 *fill*         0x0800826e        0x2 
 .rodata.str1.4
                0x08008270        0x2 c:/program files (x86)/gnu arm embedded toolchain/10 2021.10/bin/../lib/gcc/arm-none-eabi/10.3.1/../../../../arm-none-eabi/lib/thumb/v7e-m+fp/hard\libg.a(lib_a-locale.o)
 *fill*         0x08008272        0x2 
 .rodata._ctype_
                0x08008274      0x101 c:/program files (x86)/gnu arm embedded toolchain/10 2021.10/bin/../lib/gcc/arm-none-eabi/10.3.1/../../../../arm-none-eabi/lib/thumb/v7e-m+fp/hard\libg.a(lib_a-ctype_.o)
                0x08008274                _ctype_
                0x08008378                . = ALIGN (0x4)
 *fill*         0x08008375        0x3 

.ARM.extab
 *(.ARM.extab* .gnu.linkonce.armextab.*)

.ARM            0x08008378        0x8
                0x08008378                __exidx_start = .
 *(.ARM.exidx*)
 .ARM.exidx     0x08008378        0x8 c:/program files (x86)/gnu arm embedded toolchain/10 2021.10/bin/../lib/gcc/arm-none-eabi/10.3.1/thumb/v7e-m+fp/hard\libgcc.a(_udivmoddi4.o)
                0x08008380                __exidx_end = .

.rel.dyn        0x08008380        0x0
 .rel.iplt      0x08008380        0x0 c:/program files (x86)/gnu arm embedded toolchain/10 2021.10/bin/../lib/gcc/arm-none-eabi/10.3.1/thumb/v7e-m+fp/hard/crtbegin.o

.preinit_array  0x08008380        0x0
                0x08008380                PROVIDE (__preinit_array_start = .)
 *(.preinit_array*)
                0x08008380                PROVIDE (__preinit_array_end = .)

.init_array     0x08008380        0x8
                0x08008380                PROVIDE (__init_array_start = .)
 *(SORT_BY_NAME(.init_array.*))
 .init_array.00000
                0x08008380        0x4 c:/program files (x86)/gnu arm embedded toolchain/10 2021.10/bin/../lib/gcc/arm-none-eabi/10.3.1/../../../../arm-none-eabi/lib/thumb/v7e-m+fp/hard\libg.a(lib_a-__call_atexit.o)
 *(.init_array*)
 .init_array    0x08008384        0x4 c:/program files (x86)/gnu arm embedded toolchain/10 2021.10/bin/../lib/gcc/arm-none-eabi/10.3.1/thumb/v7e-m+fp/hard/crtbegin.o
                0x08008388                PROVIDE (__init_array_end = .)

.fini_array     0x08008388        0x4
                0x08008388                PROVIDE (__fini_array_start = .)
 *(SORT_BY_NAME(.fini_array.*))
 *(.fini_array*)
 .fini_array    0x08008388        0x4 c:/program files (x86)/gnu arm embedded toolchain/10 2021.10/bin/../lib/gcc/arm-none-eabi/10.3.1/thumb/v7e-m+fp/hard/crtbegin.o
                0x0800838c                PROVIDE (__fini_array_end = .)
                0x0800838c                _sidata = LOADADDR (.data)

.data           0x20000000      0x9d0 load address 0x0800838c
                0x20000000                . = ALIGN (0x4)
                0x20000000                _sdata = .
 *(.data)
 *(.data*)
 .data.system_core_clock
                0x20000000        0x4 CMakeFiles/AT32F403A_Clion.elf.dir/libraries/cmsis/cm4/device_support/system_at32f403a_407.c.obj
                0x20000000                system_core_clock
 .data.led_gpio_crm_clk
                0x20000004        0xc CMakeFiles/AT32F403A_Clion.elf.dir/project/board/at32f403a_407_board.c.obj
                0x20000004                led_gpio_crm_clk
 .data.led_gpio_pin
                0x20000010        0x6 CMakeFiles/AT32F403A_Clion.elf.dir/project/board/at32f403a_407_board.c.obj
                0x20000010                led_gpio_pin
 *fill*         0x20000016        0x2 
 .data.led_gpio_port
                0x20000018        0xc CMakeFiles/AT32F403A_Clion.elf.dir/project/board/at32f403a_407_board.c.obj
                0x20000018                led_gpio_port
 .data._impure_ptr
                0x20000024        0x4 c:/program files (x86)/gnu arm embedded toolchain/10 2021.10/bin/../lib/gcc/arm-none-eabi/10.3.1/../../../../arm-none-eabi/lib/thumb/v7e-m+fp/hard\libg.a(lib_a-impure.o)
                0x20000024                _impure_ptr
 .data.impure_data
                0x20000028      0x428 c:/program files (x86)/gnu arm embedded toolchain/10 2021.10/bin/../lib/gcc/arm-none-eabi/10.3.1/../../../../arm-none-eabi/lib/thumb/v7e-m+fp/hard\libg.a(lib_a-impure.o)
 .data.__atexit_recursive_mutex
                0x20000450        0x4 c:/program files (x86)/gnu arm embedded toolchain/10 2021.10/bin/../lib/gcc/arm-none-eabi/10.3.1/../../../../arm-none-eabi/lib/thumb/v7e-m+fp/hard\libg.a(lib_a-__call_atexit.o)
                0x20000450                __atexit_recursive_mutex
 .data.__malloc_av_
                0x20000454      0x408 c:/program files (x86)/gnu arm embedded toolchain/10 2021.10/bin/../lib/gcc/arm-none-eabi/10.3.1/../../../../arm-none-eabi/lib/thumb/v7e-m+fp/hard\libg.a(lib_a-mallocr.o)
                0x20000454                __malloc_av_
 .data.__malloc_sbrk_base
                0x2000085c        0x4 c:/program files (x86)/gnu arm embedded toolchain/10 2021.10/bin/../lib/gcc/arm-none-eabi/10.3.1/../../../../arm-none-eabi/lib/thumb/v7e-m+fp/hard\libg.a(lib_a-mallocr.o)
                0x2000085c                __malloc_sbrk_base
 .data.__malloc_trim_threshold
                0x20000860        0x4 c:/program files (x86)/gnu arm embedded toolchain/10 2021.10/bin/../lib/gcc/arm-none-eabi/10.3.1/../../../../arm-none-eabi/lib/thumb/v7e-m+fp/hard\libg.a(lib_a-mallocr.o)
                0x20000860                __malloc_trim_threshold
 .data.__global_locale
                0x20000864      0x16c c:/program files (x86)/gnu arm embedded toolchain/10 2021.10/bin/../lib/gcc/arm-none-eabi/10.3.1/../../../../arm-none-eabi/lib/thumb/v7e-m+fp/hard\libg.a(lib_a-locale.o)
                0x20000864                __global_locale
                0x200009d0                . = ALIGN (0x4)
                0x200009d0                _edata = .

.igot.plt       0x200009d0        0x0 load address 0x08008d5c
 .igot.plt      0x200009d0        0x0 c:/program files (x86)/gnu arm embedded toolchain/10 2021.10/bin/../lib/gcc/arm-none-eabi/10.3.1/thumb/v7e-m+fp/hard/crtbegin.o
                0x200009d0                . = ALIGN (0x4)

.bss            0x200009d0       0x74 load address 0x08008d5c
                0x200009d0                _sbss = .
                0x200009d0                __bss_start__ = _sbss
 *(.bss)
 .bss           0x200009d0       0x1c c:/program files (x86)/gnu arm embedded toolchain/10 2021.10/bin/../lib/gcc/arm-none-eabi/10.3.1/thumb/v7e-m+fp/hard/crtbegin.o
 *(.bss*)
 .bss.fac_ms    0x200009ec        0x4 CMakeFiles/AT32F403A_Clion.elf.dir/project/board/at32f403a_407_board.c.obj
 .bss.fac_us    0x200009f0        0x4 CMakeFiles/AT32F403A_Clion.elf.dir/project/board/at32f403a_407_board.c.obj
 .bss.time_cnt  0x200009f4        0x4 CMakeFiles/AT32F403A_Clion.elf.dir/project/src/main.c.obj
                0x200009f4                time_cnt
 .bss.__sbrk_heap_end
                0x200009f8        0x4 CMakeFiles/AT32F403A_Clion.elf.dir/project/src/sysmem.c.obj
 .bss.__lock___atexit_recursive_mutex
                0x200009fc        0x1 c:/program files (x86)/gnu arm embedded toolchain/10 2021.10/bin/../lib/gcc/arm-none-eabi/10.3.1/../../../../arm-none-eabi/lib/thumb/v7e-m+fp/hard\libg.a(lib_a-lock.o)
                0x200009fc                __lock___atexit_recursive_mutex
 *fill*         0x200009fd        0x3 
 .bss.__lock___malloc_recursive_mutex
                0x20000a00        0x1 c:/program files (x86)/gnu arm embedded toolchain/10 2021.10/bin/../lib/gcc/arm-none-eabi/10.3.1/../../../../arm-none-eabi/lib/thumb/v7e-m+fp/hard\libg.a(lib_a-lock.o)
                0x20000a00                __lock___malloc_recursive_mutex
 *fill*         0x20000a01        0x3 
 .bss.__lock___sfp_recursive_mutex
                0x20000a04        0x1 c:/program files (x86)/gnu arm embedded toolchain/10 2021.10/bin/../lib/gcc/arm-none-eabi/10.3.1/../../../../arm-none-eabi/lib/thumb/v7e-m+fp/hard\libg.a(lib_a-lock.o)
                0x20000a04                __lock___sfp_recursive_mutex
 *fill*         0x20000a05        0x3 
 .bss.__lock___sinit_recursive_mutex
                0x20000a08        0x1 c:/program files (x86)/gnu arm embedded toolchain/10 2021.10/bin/../lib/gcc/arm-none-eabi/10.3.1/../../../../arm-none-eabi/lib/thumb/v7e-m+fp/hard\libg.a(lib_a-lock.o)
                0x20000a08                __lock___sinit_recursive_mutex
 *fill*         0x20000a09        0x3 
 .bss.__malloc_current_mallinfo
                0x20000a0c       0x28 c:/program files (x86)/gnu arm embedded toolchain/10 2021.10/bin/../lib/gcc/arm-none-eabi/10.3.1/../../../../arm-none-eabi/lib/thumb/v7e-m+fp/hard\libg.a(lib_a-mallocr.o)
                0x20000a0c                __malloc_current_mallinfo
 .bss.__malloc_max_sbrked_mem
                0x20000a34        0x4 c:/program files (x86)/gnu arm embedded toolchain/10 2021.10/bin/../lib/gcc/arm-none-eabi/10.3.1/../../../../arm-none-eabi/lib/thumb/v7e-m+fp/hard\libg.a(lib_a-mallocr.o)
                0x20000a34                __malloc_max_sbrked_mem
 .bss.__malloc_max_total_mem
                0x20000a38        0x4 c:/program files (x86)/gnu arm embedded toolchain/10 2021.10/bin/../lib/gcc/arm-none-eabi/10.3.1/../../../../arm-none-eabi/lib/thumb/v7e-m+fp/hard\libg.a(lib_a-mallocr.o)
                0x20000a38                __malloc_max_total_mem
 .bss.__malloc_top_pad
                0x20000a3c        0x4 c:/program files (x86)/gnu arm embedded toolchain/10 2021.10/bin/../lib/gcc/arm-none-eabi/10.3.1/../../../../arm-none-eabi/lib/thumb/v7e-m+fp/hard\libg.a(lib_a-mallocr.o)
                0x20000a3c                __malloc_top_pad
 .bss.errno     0x20000a40        0x4 c:/program files (x86)/gnu arm embedded toolchain/10 2021.10/bin/../lib/gcc/arm-none-eabi/10.3.1/../../../../arm-none-eabi/lib/thumb/v7e-m+fp/hard\libg.a(lib_a-reent.o)
                0x20000a40                errno
 *(COMMON)
                0x20000a44                . = ALIGN (0x4)
                0x20000a44                _ebss = .
                0x20000a44                __bss_end__ = _ebss

._user_heap_stack
                0x20000a44      0x604 load address 0x08008d5c
                0x20000a48                . = ALIGN (0x8)
 *fill*         0x20000a44        0x4 
                [!provide]                PROVIDE (end = .)
                0x20000a48                PROVIDE (_end = .)
                0x20000c48                . = (. + _Min_Heap_Size)
 *fill*         0x20000a48      0x200 
                0x20001048                . = (. + _Min_Stack_Size)
 *fill*         0x20000c48      0x400 
                0x20001048                . = ALIGN (0x8)

/DISCARD/
 libc.a(*)
 libm.a(*)
 libgcc.a(*)

.ARM.attributes
                0x00000000       0x30
 *(.ARM.attributes)
 .ARM.attributes
                0x00000000       0x1e c:/program files (x86)/gnu arm embedded toolchain/10 2021.10/bin/../lib/gcc/arm-none-eabi/10.3.1/thumb/v7e-m+fp/hard/crti.o
 .ARM.attributes
                0x0000001e       0x34 c:/program files (x86)/gnu arm embedded toolchain/10 2021.10/bin/../lib/gcc/arm-none-eabi/10.3.1/thumb/v7e-m+fp/hard/crtbegin.o
 .ARM.attributes
                0x00000052       0x34 CMakeFiles/AT32F403A_Clion.elf.dir/libraries/cmsis/cm4/device_support/system_at32f403a_407.c.obj
 .ARM.attributes
                0x00000086       0x34 CMakeFiles/AT32F403A_Clion.elf.dir/libraries/drivers/src/at32f403a_407_crm.c.obj
 .ARM.attributes
                0x000000ba       0x34 CMakeFiles/AT32F403A_Clion.elf.dir/libraries/drivers/src/at32f403a_407_gpio.c.obj
 .ARM.attributes
                0x000000ee       0x34 CMakeFiles/AT32F403A_Clion.elf.dir/libraries/drivers/src/at32f403a_407_misc.c.obj
 .ARM.attributes
                0x00000122       0x34 CMakeFiles/AT32F403A_Clion.elf.dir/libraries/drivers/src/at32f403a_407_usart.c.obj
 .ARM.attributes
                0x00000156       0x34 CMakeFiles/AT32F403A_Clion.elf.dir/project/board/at32f403a_407_board.c.obj
 .ARM.attributes
                0x0000018a       0x34 CMakeFiles/AT32F403A_Clion.elf.dir/project/src/at32f403a_407_clock.c.obj
 .ARM.attributes
                0x000001be       0x34 CMakeFiles/AT32F403A_Clion.elf.dir/project/src/at32f403a_407_int.c.obj
 .ARM.attributes
                0x000001f2       0x34 CMakeFiles/AT32F403A_Clion.elf.dir/project/src/main.c.obj
 .ARM.attributes
                0x00000226       0x21 CMakeFiles/AT32F403A_Clion.elf.dir/project/src/startup_at32f403a_407.s.obj
 .ARM.attributes
                0x00000247       0x34 CMakeFiles/AT32F403A_Clion.elf.dir/project/src/syscalls.c.obj
 .ARM.attributes
                0x0000027b       0x34 CMakeFiles/AT32F403A_Clion.elf.dir/project/src/sysmem.c.obj
 .ARM.attributes
                0x000002af       0x34 c:/program files (x86)/gnu arm embedded toolchain/10 2021.10/bin/../lib/gcc/arm-none-eabi/10.3.1/../../../../arm-none-eabi/lib/thumb/v7e-m+fp/hard\libg.a(lib_a-errno.o)
 .ARM.attributes
                0x000002e3       0x34 c:/program files (x86)/gnu arm embedded toolchain/10 2021.10/bin/../lib/gcc/arm-none-eabi/10.3.1/../../../../arm-none-eabi/lib/thumb/v7e-m+fp/hard\libg.a(lib_a-impure.o)
 .ARM.attributes
                0x00000317       0x34 c:/program files (x86)/gnu arm embedded toolchain/10 2021.10/bin/../lib/gcc/arm-none-eabi/10.3.1/../../../../arm-none-eabi/lib/thumb/v7e-m+fp/hard\libg.a(lib_a-init.o)
 .ARM.attributes
                0x0000034b       0x34 c:/program files (x86)/gnu arm embedded toolchain/10 2021.10/bin/../lib/gcc/arm-none-eabi/10.3.1/../../../../arm-none-eabi/lib/thumb/v7e-m+fp/hard\libg.a(lib_a-memset.o)
 .ARM.attributes
                0x0000037f       0x34 c:/program files (x86)/gnu arm embedded toolchain/10 2021.10/bin/../lib/gcc/arm-none-eabi/10.3.1/../../../../arm-none-eabi/lib/thumb/v7e-m+fp/hard\libg.a(lib_a-printf.o)
 .ARM.attributes
                0x000003b3       0x34 c:/program files (x86)/gnu arm embedded toolchain/10 2021.10/bin/../lib/gcc/arm-none-eabi/10.3.1/../../../../arm-none-eabi/lib/thumb/v7e-m+fp/hard\libg.a(lib_a-puts.o)
 .ARM.attributes
                0x000003e7       0x34 c:/program files (x86)/gnu arm embedded toolchain/10 2021.10/bin/../lib/gcc/arm-none-eabi/10.3.1/../../../../arm-none-eabi/lib/thumb/v7e-m+fp/hard\libg.a(lib_a-setvbuf.o)
 .ARM.attributes
                0x0000041b       0x1c c:/program files (x86)/gnu arm embedded toolchain/10 2021.10/bin/../lib/gcc/arm-none-eabi/10.3.1/../../../../arm-none-eabi/lib/thumb/v7e-m+fp/hard\libg.a(lib_a-strlen.o)
 .ARM.attributes
                0x00000437       0x34 c:/program files (x86)/gnu arm embedded toolchain/10 2021.10/bin/../lib/gcc/arm-none-eabi/10.3.1/../../../../arm-none-eabi/lib/thumb/v7e-m+fp/hard\libg.a(lib_a-vfprintf.o)
 .ARM.attributes
                0x0000046b       0x34 c:/program files (x86)/gnu arm embedded toolchain/10 2021.10/bin/../lib/gcc/arm-none-eabi/10.3.1/../../../../arm-none-eabi/lib/thumb/v7e-m+fp/hard\libg.a(lib_a-wsetup.o)
 .ARM.attributes
                0x0000049f       0x34 c:/program files (x86)/gnu arm embedded toolchain/10 2021.10/bin/../lib/gcc/arm-none-eabi/10.3.1/../../../../arm-none-eabi/lib/thumb/v7e-m+fp/hard\libg.a(lib_a-__call_atexit.o)
 .ARM.attributes
                0x000004d3       0x34 c:/program files (x86)/gnu arm embedded toolchain/10 2021.10/bin/../lib/gcc/arm-none-eabi/10.3.1/../../../../arm-none-eabi/lib/thumb/v7e-m+fp/hard\libg.a(lib_a-atexit.o)
 .ARM.attributes
                0x00000507       0x34 c:/program files (x86)/gnu arm embedded toolchain/10 2021.10/bin/../lib/gcc/arm-none-eabi/10.3.1/../../../../arm-none-eabi/lib/thumb/v7e-m+fp/hard\libg.a(lib_a-dtoa.o)
 .ARM.attributes
                0x0000053b       0x34 c:/program files (x86)/gnu arm embedded toolchain/10 2021.10/bin/../lib/gcc/arm-none-eabi/10.3.1/../../../../arm-none-eabi/lib/thumb/v7e-m+fp/hard\libg.a(lib_a-fflush.o)
 .ARM.attributes
                0x0000056f       0x34 c:/program files (x86)/gnu arm embedded toolchain/10 2021.10/bin/../lib/gcc/arm-none-eabi/10.3.1/../../../../arm-none-eabi/lib/thumb/v7e-m+fp/hard\libg.a(lib_a-findfp.o)
 .ARM.attributes
                0x000005a3       0x34 c:/program files (x86)/gnu arm embedded toolchain/10 2021.10/bin/../lib/gcc/arm-none-eabi/10.3.1/../../../../arm-none-eabi/lib/thumb/v7e-m+fp/hard\libg.a(lib_a-fini.o)
 .ARM.attributes
                0x000005d7       0x34 c:/program files (x86)/gnu arm embedded toolchain/10 2021.10/bin/../lib/gcc/arm-none-eabi/10.3.1/../../../../arm-none-eabi/lib/thumb/v7e-m+fp/hard\libg.a(lib_a-freer.o)
 .ARM.attributes
                0x0000060b       0x34 c:/program files (x86)/gnu arm embedded toolchain/10 2021.10/bin/../lib/gcc/arm-none-eabi/10.3.1/../../../../arm-none-eabi/lib/thumb/v7e-m+fp/hard\libg.a(lib_a-fvwrite.o)
 .ARM.attributes
                0x0000063f       0x34 c:/program files (x86)/gnu arm embedded toolchain/10 2021.10/bin/../lib/gcc/arm-none-eabi/10.3.1/../../../../arm-none-eabi/lib/thumb/v7e-m+fp/hard\libg.a(lib_a-fwalk.o)
 .ARM.attributes
                0x00000673       0x34 c:/program files (x86)/gnu arm embedded toolchain/10 2021.10/bin/../lib/gcc/arm-none-eabi/10.3.1/../../../../arm-none-eabi/lib/thumb/v7e-m+fp/hard\libg.a(lib_a-localeconv.o)
 .ARM.attributes
                0x000006a7       0x34 c:/program files (x86)/gnu arm embedded toolchain/10 2021.10/bin/../lib/gcc/arm-none-eabi/10.3.1/../../../../arm-none-eabi/lib/thumb/v7e-m+fp/hard\libg.a(lib_a-lock.o)
 .ARM.attributes
                0x000006db       0x34 c:/program files (x86)/gnu arm embedded toolchain/10 2021.10/bin/../lib/gcc/arm-none-eabi/10.3.1/../../../../arm-none-eabi/lib/thumb/v7e-m+fp/hard\libg.a(lib_a-makebuf.o)
 .ARM.attributes
                0x0000070f       0x34 c:/program files (x86)/gnu arm embedded toolchain/10 2021.10/bin/../lib/gcc/arm-none-eabi/10.3.1/../../../../arm-none-eabi/lib/thumb/v7e-m+fp/hard\libg.a(lib_a-malloc.o)
 .ARM.attributes
                0x00000743       0x34 c:/program files (x86)/gnu arm embedded toolchain/10 2021.10/bin/../lib/gcc/arm-none-eabi/10.3.1/../../../../arm-none-eabi/lib/thumb/v7e-m+fp/hard\libg.a(lib_a-mallocr.o)
 .ARM.attributes
                0x00000777       0x1c c:/program files (x86)/gnu arm embedded toolchain/10 2021.10/bin/../lib/gcc/arm-none-eabi/10.3.1/../../../../arm-none-eabi/lib/thumb/v7e-m+fp/hard\libg.a(lib_a-memchr.o)
 .ARM.attributes
                0x00000793       0x1c c:/program files (x86)/gnu arm embedded toolchain/10 2021.10/bin/../lib/gcc/arm-none-eabi/10.3.1/../../../../arm-none-eabi/lib/thumb/v7e-m+fp/hard\libg.a(lib_a-memcpy.o)
 .ARM.attributes
                0x000007af       0x34 c:/program files (x86)/gnu arm embedded toolchain/10 2021.10/bin/../lib/gcc/arm-none-eabi/10.3.1/../../../../arm-none-eabi/lib/thumb/v7e-m+fp/hard\libg.a(lib_a-memmove.o)
 .ARM.attributes
                0x000007e3       0x34 c:/program files (x86)/gnu arm embedded toolchain/10 2021.10/bin/../lib/gcc/arm-none-eabi/10.3.1/../../../../arm-none-eabi/lib/thumb/v7e-m+fp/hard\libg.a(lib_a-mlock.o)
 .ARM.attributes
                0x00000817       0x34 c:/program files (x86)/gnu arm embedded toolchain/10 2021.10/bin/../lib/gcc/arm-none-eabi/10.3.1/../../../../arm-none-eabi/lib/thumb/v7e-m+fp/hard\libg.a(lib_a-mprec.o)
 .ARM.attributes
                0x0000084b       0x34 c:/program files (x86)/gnu arm embedded toolchain/10 2021.10/bin/../lib/gcc/arm-none-eabi/10.3.1/../../../../arm-none-eabi/lib/thumb/v7e-m+fp/hard\libg.a(lib_a-reallocr.o)
 .ARM.attributes
                0x0000087f       0x34 c:/program files (x86)/gnu arm embedded toolchain/10 2021.10/bin/../lib/gcc/arm-none-eabi/10.3.1/../../../../arm-none-eabi/lib/thumb/v7e-m+fp/hard\libg.a(lib_a-s_frexp.o)
 .ARM.attributes
                0x000008b3       0x34 c:/program files (x86)/gnu arm embedded toolchain/10 2021.10/bin/../lib/gcc/arm-none-eabi/10.3.1/../../../../arm-none-eabi/lib/thumb/v7e-m+fp/hard\libg.a(lib_a-sbrkr.o)
 .ARM.attributes
                0x000008e7       0x34 c:/program files (x86)/gnu arm embedded toolchain/10 2021.10/bin/../lib/gcc/arm-none-eabi/10.3.1/../../../../arm-none-eabi/lib/thumb/v7e-m+fp/hard\libg.a(lib_a-stdio.o)
 .ARM.attributes
                0x0000091b       0x34 c:/program files (x86)/gnu arm embedded toolchain/10 2021.10/bin/../lib/gcc/arm-none-eabi/10.3.1/../../../../arm-none-eabi/lib/thumb/v7e-m+fp/hard\libg.a(lib_a-strncpy.o)
 .ARM.attributes
                0x0000094f       0x34 c:/program files (x86)/gnu arm embedded toolchain/10 2021.10/bin/../lib/gcc/arm-none-eabi/10.3.1/../../../../arm-none-eabi/lib/thumb/v7e-m+fp/hard\libg.a(lib_a-vfiprintf.o)
 .ARM.attributes
                0x00000983       0x34 c:/program files (x86)/gnu arm embedded toolchain/10 2021.10/bin/../lib/gcc/arm-none-eabi/10.3.1/../../../../arm-none-eabi/lib/thumb/v7e-m+fp/hard\libg.a(lib_a-writer.o)
 .ARM.attributes
                0x000009b7       0x34 c:/program files (x86)/gnu arm embedded toolchain/10 2021.10/bin/../lib/gcc/arm-none-eabi/10.3.1/../../../../arm-none-eabi/lib/thumb/v7e-m+fp/hard\libg.a(lib_a-__atexit.o)
 .ARM.attributes
                0x000009eb       0x34 c:/program files (x86)/gnu arm embedded toolchain/10 2021.10/bin/../lib/gcc/arm-none-eabi/10.3.1/../../../../arm-none-eabi/lib/thumb/v7e-m+fp/hard\libg.a(lib_a-assert.o)
 .ARM.attributes
                0x00000a1f       0x34 c:/program files (x86)/gnu arm embedded toolchain/10 2021.10/bin/../lib/gcc/arm-none-eabi/10.3.1/../../../../arm-none-eabi/lib/thumb/v7e-m+fp/hard\libg.a(lib_a-callocr.o)
 .ARM.attributes
                0x00000a53       0x34 c:/program files (x86)/gnu arm embedded toolchain/10 2021.10/bin/../lib/gcc/arm-none-eabi/10.3.1/../../../../arm-none-eabi/lib/thumb/v7e-m+fp/hard\libg.a(lib_a-closer.o)
 .ARM.attributes
                0x00000a87       0x34 c:/program files (x86)/gnu arm embedded toolchain/10 2021.10/bin/../lib/gcc/arm-none-eabi/10.3.1/../../../../arm-none-eabi/lib/thumb/v7e-m+fp/hard\libg.a(lib_a-fclose.o)
 .ARM.attributes
                0x00000abb       0x34 c:/program files (x86)/gnu arm embedded toolchain/10 2021.10/bin/../lib/gcc/arm-none-eabi/10.3.1/../../../../arm-none-eabi/lib/thumb/v7e-m+fp/hard\libg.a(lib_a-fiprintf.o)
 .ARM.attributes
                0x00000aef       0x34 c:/program files (x86)/gnu arm embedded toolchain/10 2021.10/bin/../lib/gcc/arm-none-eabi/10.3.1/../../../../arm-none-eabi/lib/thumb/v7e-m+fp/hard\libg.a(lib_a-fputwc.o)
 .ARM.attributes
                0x00000b23       0x34 c:/program files (x86)/gnu arm embedded toolchain/10 2021.10/bin/../lib/gcc/arm-none-eabi/10.3.1/../../../../arm-none-eabi/lib/thumb/v7e-m+fp/hard\libg.a(lib_a-fstatr.o)
 .ARM.attributes
                0x00000b57       0x34 c:/program files (x86)/gnu arm embedded toolchain/10 2021.10/bin/../lib/gcc/arm-none-eabi/10.3.1/../../../../arm-none-eabi/lib/thumb/v7e-m+fp/hard\libg.a(lib_a-isattyr.o)
 .ARM.attributes
                0x00000b8b       0x34 c:/program files (x86)/gnu arm embedded toolchain/10 2021.10/bin/../lib/gcc/arm-none-eabi/10.3.1/../../../../arm-none-eabi/lib/thumb/v7e-m+fp/hard\libg.a(lib_a-locale.o)
 .ARM.attributes
                0x00000bbf       0x34 c:/program files (x86)/gnu arm embedded toolchain/10 2021.10/bin/../lib/gcc/arm-none-eabi/10.3.1/../../../../arm-none-eabi/lib/thumb/v7e-m+fp/hard\libg.a(lib_a-lseekr.o)
 .ARM.attributes
                0x00000bf3       0x34 c:/program files (x86)/gnu arm embedded toolchain/10 2021.10/bin/../lib/gcc/arm-none-eabi/10.3.1/../../../../arm-none-eabi/lib/thumb/v7e-m+fp/hard\libg.a(lib_a-mbtowc_r.o)
 .ARM.attributes
                0x00000c27       0x34 c:/program files (x86)/gnu arm embedded toolchain/10 2021.10/bin/../lib/gcc/arm-none-eabi/10.3.1/../../../../arm-none-eabi/lib/thumb/v7e-m+fp/hard\libg.a(lib_a-readr.o)
 .ARM.attributes
                0x00000c5b       0x34 c:/program files (x86)/gnu arm embedded toolchain/10 2021.10/bin/../lib/gcc/arm-none-eabi/10.3.1/../../../../arm-none-eabi/lib/thumb/v7e-m+fp/hard\libg.a(lib_a-reent.o)
 .ARM.attributes
                0x00000c8f       0x34 c:/program files (x86)/gnu arm embedded toolchain/10 2021.10/bin/../lib/gcc/arm-none-eabi/10.3.1/../../../../arm-none-eabi/lib/thumb/v7e-m+fp/hard\libg.a(lib_a-wbuf.o)
 .ARM.attributes
                0x00000cc3       0x34 c:/program files (x86)/gnu arm embedded toolchain/10 2021.10/bin/../lib/gcc/arm-none-eabi/10.3.1/../../../../arm-none-eabi/lib/thumb/v7e-m+fp/hard\libg.a(lib_a-wcrtomb.o)
 .ARM.attributes
                0x00000cf7       0x34 c:/program files (x86)/gnu arm embedded toolchain/10 2021.10/bin/../lib/gcc/arm-none-eabi/10.3.1/../../../../arm-none-eabi/lib/thumb/v7e-m+fp/hard\libg.a(lib_a-wctomb_r.o)
 .ARM.attributes
                0x00000d2b       0x34 c:/program files (x86)/gnu arm embedded toolchain/10 2021.10/bin/../lib/gcc/arm-none-eabi/10.3.1/../../../../arm-none-eabi/lib/thumb/v7e-m+fp/hard\libg.a(lib_a-abort.o)
 .ARM.attributes
                0x00000d5f       0x34 c:/program files (x86)/gnu arm embedded toolchain/10 2021.10/bin/../lib/gcc/arm-none-eabi/10.3.1/../../../../arm-none-eabi/lib/thumb/v7e-m+fp/hard\libg.a(lib_a-ctype_.o)
 .ARM.attributes
                0x00000d93       0x34 c:/program files (x86)/gnu arm embedded toolchain/10 2021.10/bin/../lib/gcc/arm-none-eabi/10.3.1/../../../../arm-none-eabi/lib/thumb/v7e-m+fp/hard\libg.a(lib_a-signal.o)
 .ARM.attributes
                0x00000dc7       0x34 c:/program files (x86)/gnu arm embedded toolchain/10 2021.10/bin/../lib/gcc/arm-none-eabi/10.3.1/../../../../arm-none-eabi/lib/thumb/v7e-m+fp/hard\libg.a(lib_a-signalr.o)
 .ARM.attributes
                0x00000dfb       0x1e c:/program files (x86)/gnu arm embedded toolchain/10 2021.10/bin/../lib/gcc/arm-none-eabi/10.3.1/thumb/v7e-m+fp/hard\libgcc.a(_arm_addsubdf3.o)
 .ARM.attributes
                0x00000e19       0x1e c:/program files (x86)/gnu arm embedded toolchain/10 2021.10/bin/../lib/gcc/arm-none-eabi/10.3.1/thumb/v7e-m+fp/hard\libgcc.a(_arm_muldivdf3.o)
 .ARM.attributes
                0x00000e37       0x1e c:/program files (x86)/gnu arm embedded toolchain/10 2021.10/bin/../lib/gcc/arm-none-eabi/10.3.1/thumb/v7e-m+fp/hard\libgcc.a(_arm_cmpdf2.o)
 .ARM.attributes
                0x00000e55       0x1e c:/program files (x86)/gnu arm embedded toolchain/10 2021.10/bin/../lib/gcc/arm-none-eabi/10.3.1/thumb/v7e-m+fp/hard\libgcc.a(_arm_unorddf2.o)
 .ARM.attributes
                0x00000e73       0x1e c:/program files (x86)/gnu arm embedded toolchain/10 2021.10/bin/../lib/gcc/arm-none-eabi/10.3.1/thumb/v7e-m+fp/hard\libgcc.a(_arm_fixdfsi.o)
 .ARM.attributes
                0x00000e91       0x1e c:/program files (x86)/gnu arm embedded toolchain/10 2021.10/bin/../lib/gcc/arm-none-eabi/10.3.1/thumb/v7e-m+fp/hard\libgcc.a(_aeabi_uldivmod.o)
 .ARM.attributes
                0x00000eaf       0x34 c:/program files (x86)/gnu arm embedded toolchain/10 2021.10/bin/../lib/gcc/arm-none-eabi/10.3.1/thumb/v7e-m+fp/hard\libgcc.a(_udivmoddi4.o)
 .ARM.attributes
                0x00000ee3       0x1e c:/program files (x86)/gnu arm embedded toolchain/10 2021.10/bin/../lib/gcc/arm-none-eabi/10.3.1/thumb/v7e-m+fp/hard\libgcc.a(_dvmd_tls.o)
 .ARM.attributes
                0x00000f01       0x1e c:/program files (x86)/gnu arm embedded toolchain/10 2021.10/bin/../lib/gcc/arm-none-eabi/10.3.1/thumb/v7e-m+fp/hard/crtn.o
OUTPUT(AT32F403A_Clion.elf elf32-littlearm)
LOAD linker stubs
LOAD c:/program files (x86)/gnu arm embedded toolchain/10 2021.10/bin/../lib/gcc/arm-none-eabi/10.3.1/../../../../arm-none-eabi/lib/thumb/v7e-m+fp/hard\libc.a
LOAD c:/program files (x86)/gnu arm embedded toolchain/10 2021.10/bin/../lib/gcc/arm-none-eabi/10.3.1/../../../../arm-none-eabi/lib/thumb/v7e-m+fp/hard\libm.a
LOAD c:/program files (x86)/gnu arm embedded toolchain/10 2021.10/bin/../lib/gcc/arm-none-eabi/10.3.1/thumb/v7e-m+fp/hard\libgcc.a

.debug_info     0x00000000     0xafd8
 .debug_info    0x00000000     0x15cf CMakeFiles/AT32F403A_Clion.elf.dir/libraries/cmsis/cm4/device_support/system_at32f403a_407.c.obj
 .debug_info    0x000015cf     0x23f0 CMakeFiles/AT32F403A_Clion.elf.dir/libraries/drivers/src/at32f403a_407_crm.c.obj
 .debug_info    0x000039bf     0x20bd CMakeFiles/AT32F403A_Clion.elf.dir/libraries/drivers/src/at32f403a_407_gpio.c.obj
 .debug_info    0x00005a7c      0xaf9 CMakeFiles/AT32F403A_Clion.elf.dir/libraries/drivers/src/at32f403a_407_misc.c.obj
 .debug_info    0x00006575     0x1234 CMakeFiles/AT32F403A_Clion.elf.dir/libraries/drivers/src/at32f403a_407_usart.c.obj
 .debug_info    0x000077a9     0x266b CMakeFiles/AT32F403A_Clion.elf.dir/project/board/at32f403a_407_board.c.obj
 .debug_info    0x00009e14      0x583 CMakeFiles/AT32F403A_Clion.elf.dir/project/src/at32f403a_407_clock.c.obj
 .debug_info    0x0000a397      0x10e CMakeFiles/AT32F403A_Clion.elf.dir/project/src/at32f403a_407_int.c.obj
 .debug_info    0x0000a4a5      0x1ee CMakeFiles/AT32F403A_Clion.elf.dir/project/src/main.c.obj
 .debug_info    0x0000a693       0x22 CMakeFiles/AT32F403A_Clion.elf.dir/project/src/startup_at32f403a_407.s.obj
 .debug_info    0x0000a6b5      0x7af CMakeFiles/AT32F403A_Clion.elf.dir/project/src/syscalls.c.obj
 .debug_info    0x0000ae64      0x174 CMakeFiles/AT32F403A_Clion.elf.dir/project/src/sysmem.c.obj

.debug_abbrev   0x00000000     0x139f
 .debug_abbrev  0x00000000      0x1b9 CMakeFiles/AT32F403A_Clion.elf.dir/libraries/cmsis/cm4/device_support/system_at32f403a_407.c.obj
 .debug_abbrev  0x000001b9      0x25d CMakeFiles/AT32F403A_Clion.elf.dir/libraries/drivers/src/at32f403a_407_crm.c.obj
 .debug_abbrev  0x00000416      0x249 CMakeFiles/AT32F403A_Clion.elf.dir/libraries/drivers/src/at32f403a_407_gpio.c.obj
 .debug_abbrev  0x0000065f      0x26a CMakeFiles/AT32F403A_Clion.elf.dir/libraries/drivers/src/at32f403a_407_misc.c.obj
 .debug_abbrev  0x000008c9      0x274 CMakeFiles/AT32F403A_Clion.elf.dir/libraries/drivers/src/at32f403a_407_usart.c.obj
 .debug_abbrev  0x00000b3d      0x3de CMakeFiles/AT32F403A_Clion.elf.dir/project/board/at32f403a_407_board.c.obj
 .debug_abbrev  0x00000f1b       0xc4 CMakeFiles/AT32F403A_Clion.elf.dir/project/src/at32f403a_407_clock.c.obj
 .debug_abbrev  0x00000fdf       0x44 CMakeFiles/AT32F403A_Clion.elf.dir/project/src/at32f403a_407_int.c.obj
 .debug_abbrev  0x00001023       0xe0 CMakeFiles/AT32F403A_Clion.elf.dir/project/src/main.c.obj
 .debug_abbrev  0x00001103       0x12 CMakeFiles/AT32F403A_Clion.elf.dir/project/src/startup_at32f403a_407.s.obj
 .debug_abbrev  0x00001115      0x1a3 CMakeFiles/AT32F403A_Clion.elf.dir/project/src/syscalls.c.obj
 .debug_abbrev  0x000012b8       0xe7 CMakeFiles/AT32F403A_Clion.elf.dir/project/src/sysmem.c.obj

.debug_loc      0x00000000     0x1a9a
 .debug_loc     0x00000000      0x17f CMakeFiles/AT32F403A_Clion.elf.dir/libraries/cmsis/cm4/device_support/system_at32f403a_407.c.obj
 .debug_loc     0x0000017f      0x5fa CMakeFiles/AT32F403A_Clion.elf.dir/libraries/drivers/src/at32f403a_407_crm.c.obj
 .debug_loc     0x00000779      0x578 CMakeFiles/AT32F403A_Clion.elf.dir/libraries/drivers/src/at32f403a_407_gpio.c.obj
 .debug_loc     0x00000cf1      0x39b CMakeFiles/AT32F403A_Clion.elf.dir/libraries/drivers/src/at32f403a_407_misc.c.obj
 .debug_loc     0x0000108c      0x3ad CMakeFiles/AT32F403A_Clion.elf.dir/libraries/drivers/src/at32f403a_407_usart.c.obj
 .debug_loc     0x00001439      0x238 CMakeFiles/AT32F403A_Clion.elf.dir/project/board/at32f403a_407_board.c.obj
 .debug_loc     0x00001671      0x3c5 CMakeFiles/AT32F403A_Clion.elf.dir/project/src/syscalls.c.obj
 .debug_loc     0x00001a36       0x64 CMakeFiles/AT32F403A_Clion.elf.dir/project/src/sysmem.c.obj

.debug_aranges  0x00000000      0x570
 .debug_aranges
                0x00000000       0x28 CMakeFiles/AT32F403A_Clion.elf.dir/libraries/cmsis/cm4/device_support/system_at32f403a_407.c.obj
 .debug_aranges
                0x00000028      0x130 CMakeFiles/AT32F403A_Clion.elf.dir/libraries/drivers/src/at32f403a_407_crm.c.obj
 .debug_aranges
                0x00000158       0xa8 CMakeFiles/AT32F403A_Clion.elf.dir/libraries/drivers/src/at32f403a_407_gpio.c.obj
 .debug_aranges
                0x00000200       0x50 CMakeFiles/AT32F403A_Clion.elf.dir/libraries/drivers/src/at32f403a_407_misc.c.obj
 .debug_aranges
                0x00000250      0x100 CMakeFiles/AT32F403A_Clion.elf.dir/libraries/drivers/src/at32f403a_407_usart.c.obj
 .debug_aranges
                0x00000350       0x90 CMakeFiles/AT32F403A_Clion.elf.dir/project/board/at32f403a_407_board.c.obj
 .debug_aranges
                0x000003e0       0x20 CMakeFiles/AT32F403A_Clion.elf.dir/project/src/at32f403a_407_clock.c.obj
 .debug_aranges
                0x00000400       0x60 CMakeFiles/AT32F403A_Clion.elf.dir/project/src/at32f403a_407_int.c.obj
 .debug_aranges
                0x00000460       0x20 CMakeFiles/AT32F403A_Clion.elf.dir/project/src/main.c.obj
 .debug_aranges
                0x00000480       0x28 CMakeFiles/AT32F403A_Clion.elf.dir/project/src/startup_at32f403a_407.s.obj
 .debug_aranges
                0x000004a8       0xa8 CMakeFiles/AT32F403A_Clion.elf.dir/project/src/syscalls.c.obj
 .debug_aranges
                0x00000550       0x20 CMakeFiles/AT32F403A_Clion.elf.dir/project/src/sysmem.c.obj

.debug_ranges   0x00000000      0x4e8
 .debug_ranges  0x00000000       0x18 CMakeFiles/AT32F403A_Clion.elf.dir/libraries/cmsis/cm4/device_support/system_at32f403a_407.c.obj
 .debug_ranges  0x00000018      0x120 CMakeFiles/AT32F403A_Clion.elf.dir/libraries/drivers/src/at32f403a_407_crm.c.obj
 .debug_ranges  0x00000138       0x98 CMakeFiles/AT32F403A_Clion.elf.dir/libraries/drivers/src/at32f403a_407_gpio.c.obj
 .debug_ranges  0x000001d0       0x70 CMakeFiles/AT32F403A_Clion.elf.dir/libraries/drivers/src/at32f403a_407_misc.c.obj
 .debug_ranges  0x00000240       0xf0 CMakeFiles/AT32F403A_Clion.elf.dir/libraries/drivers/src/at32f403a_407_usart.c.obj
 .debug_ranges  0x00000330       0x80 CMakeFiles/AT32F403A_Clion.elf.dir/project/board/at32f403a_407_board.c.obj
 .debug_ranges  0x000003b0       0x10 CMakeFiles/AT32F403A_Clion.elf.dir/project/src/at32f403a_407_clock.c.obj
 .debug_ranges  0x000003c0       0x50 CMakeFiles/AT32F403A_Clion.elf.dir/project/src/at32f403a_407_int.c.obj
 .debug_ranges  0x00000410       0x10 CMakeFiles/AT32F403A_Clion.elf.dir/project/src/main.c.obj
 .debug_ranges  0x00000420       0x20 CMakeFiles/AT32F403A_Clion.elf.dir/project/src/startup_at32f403a_407.s.obj
 .debug_ranges  0x00000440       0x98 CMakeFiles/AT32F403A_Clion.elf.dir/project/src/syscalls.c.obj
 .debug_ranges  0x000004d8       0x10 CMakeFiles/AT32F403A_Clion.elf.dir/project/src/sysmem.c.obj

.debug_line     0x00000000     0x369b
 .debug_line    0x00000000      0x3f2 CMakeFiles/AT32F403A_Clion.elf.dir/libraries/cmsis/cm4/device_support/system_at32f403a_407.c.obj
 .debug_line    0x000003f2      0x973 CMakeFiles/AT32F403A_Clion.elf.dir/libraries/drivers/src/at32f403a_407_crm.c.obj
 .debug_line    0x00000d65      0x6ee CMakeFiles/AT32F403A_Clion.elf.dir/libraries/drivers/src/at32f403a_407_gpio.c.obj
 .debug_line    0x00001453      0x4dc CMakeFiles/AT32F403A_Clion.elf.dir/libraries/drivers/src/at32f403a_407_misc.c.obj
 .debug_line    0x0000192f      0x71c CMakeFiles/AT32F403A_Clion.elf.dir/libraries/drivers/src/at32f403a_407_usart.c.obj
 .debug_line    0x0000204b      0x87e CMakeFiles/AT32F403A_Clion.elf.dir/project/board/at32f403a_407_board.c.obj
 .debug_line    0x000028c9      0x2a2 CMakeFiles/AT32F403A_Clion.elf.dir/project/src/at32f403a_407_clock.c.obj
 .debug_line    0x00002b6b      0x160 CMakeFiles/AT32F403A_Clion.elf.dir/project/src/at32f403a_407_int.c.obj
 .debug_line    0x00002ccb      0x2da CMakeFiles/AT32F403A_Clion.elf.dir/project/src/main.c.obj
 .debug_line    0x00002fa5       0xaf CMakeFiles/AT32F403A_Clion.elf.dir/project/src/startup_at32f403a_407.s.obj
 .debug_line    0x00003054      0x434 CMakeFiles/AT32F403A_Clion.elf.dir/project/src/syscalls.c.obj
 .debug_line    0x00003488      0x213 CMakeFiles/AT32F403A_Clion.elf.dir/project/src/sysmem.c.obj

.debug_str      0x00000000     0x4c44
 .debug_str     0x00000000      0xb55 CMakeFiles/AT32F403A_Clion.elf.dir/libraries/cmsis/cm4/device_support/system_at32f403a_407.c.obj
                                0xbb7 (size before relaxing)
 .debug_str     0x00000b55     0x1882 CMakeFiles/AT32F403A_Clion.elf.dir/libraries/drivers/src/at32f403a_407_crm.c.obj
                               0x21cb (size before relaxing)
 .debug_str     0x000023d7      0xdbd CMakeFiles/AT32F403A_Clion.elf.dir/libraries/drivers/src/at32f403a_407_gpio.c.obj
                               0x1443 (size before relaxing)
 .debug_str     0x00003194      0x8fd CMakeFiles/AT32F403A_Clion.elf.dir/libraries/drivers/src/at32f403a_407_misc.c.obj
                                0xb6d (size before relaxing)
 .debug_str     0x00003a91      0x7a9 CMakeFiles/AT32F403A_Clion.elf.dir/libraries/drivers/src/at32f403a_407_usart.c.obj
                                0xe83 (size before relaxing)
 .debug_str     0x0000423a      0x53a CMakeFiles/AT32F403A_Clion.elf.dir/project/board/at32f403a_407_board.c.obj
                               0x15a7 (size before relaxing)
 .debug_str     0x00004774       0x66 CMakeFiles/AT32F403A_Clion.elf.dir/project/src/at32f403a_407_clock.c.obj
                                0x989 (size before relaxing)
 .debug_str     0x000047da       0xe0 CMakeFiles/AT32F403A_Clion.elf.dir/project/src/at32f403a_407_int.c.obj
                                0x280 (size before relaxing)
 .debug_str     0x000048ba       0x67 CMakeFiles/AT32F403A_Clion.elf.dir/project/src/main.c.obj
                                0x3f7 (size before relaxing)
 .debug_str     0x00004921       0x62 CMakeFiles/AT32F403A_Clion.elf.dir/project/src/startup_at32f403a_407.s.obj
                                 0xa4 (size before relaxing)
 .debug_str     0x00004983      0x21c CMakeFiles/AT32F403A_Clion.elf.dir/project/src/syscalls.c.obj
                                0x45d (size before relaxing)
 .debug_str     0x00004b9f       0xa5 CMakeFiles/AT32F403A_Clion.elf.dir/project/src/sysmem.c.obj
                                0x289 (size before relaxing)

.comment        0x00000000       0x49
 .comment       0x00000000       0x49 CMakeFiles/AT32F403A_Clion.elf.dir/libraries/cmsis/cm4/device_support/system_at32f403a_407.c.obj
                                 0x4a (size before relaxing)
 .comment       0x00000049       0x4a CMakeFiles/AT32F403A_Clion.elf.dir/libraries/drivers/src/at32f403a_407_crm.c.obj
 .comment       0x00000049       0x4a CMakeFiles/AT32F403A_Clion.elf.dir/libraries/drivers/src/at32f403a_407_gpio.c.obj
 .comment       0x00000049       0x4a CMakeFiles/AT32F403A_Clion.elf.dir/libraries/drivers/src/at32f403a_407_misc.c.obj
 .comment       0x00000049       0x4a CMakeFiles/AT32F403A_Clion.elf.dir/libraries/drivers/src/at32f403a_407_usart.c.obj
 .comment       0x00000049       0x4a CMakeFiles/AT32F403A_Clion.elf.dir/project/board/at32f403a_407_board.c.obj
 .comment       0x00000049       0x4a CMakeFiles/AT32F403A_Clion.elf.dir/project/src/at32f403a_407_clock.c.obj
 .comment       0x00000049       0x4a CMakeFiles/AT32F403A_Clion.elf.dir/project/src/at32f403a_407_int.c.obj
 .comment       0x00000049       0x4a CMakeFiles/AT32F403A_Clion.elf.dir/project/src/main.c.obj
 .comment       0x00000049       0x4a CMakeFiles/AT32F403A_Clion.elf.dir/project/src/syscalls.c.obj
 .comment       0x00000049       0x4a CMakeFiles/AT32F403A_Clion.elf.dir/project/src/sysmem.c.obj

.debug_frame    0x00000000     0x21a8
 .debug_frame   0x00000000       0x38 CMakeFiles/AT32F403A_Clion.elf.dir/libraries/cmsis/cm4/device_support/system_at32f403a_407.c.obj
 .debug_frame   0x00000038      0x260 CMakeFiles/AT32F403A_Clion.elf.dir/libraries/drivers/src/at32f403a_407_crm.c.obj
 .debug_frame   0x00000298      0x160 CMakeFiles/AT32F403A_Clion.elf.dir/libraries/drivers/src/at32f403a_407_gpio.c.obj
 .debug_frame   0x000003f8       0x88 CMakeFiles/AT32F403A_Clion.elf.dir/libraries/drivers/src/at32f403a_407_misc.c.obj
 .debug_frame   0x00000480      0x20c CMakeFiles/AT32F403A_Clion.elf.dir/libraries/drivers/src/at32f403a_407_usart.c.obj
 .debug_frame   0x0000068c      0x170 CMakeFiles/AT32F403A_Clion.elf.dir/project/board/at32f403a_407_board.c.obj
 .debug_frame   0x000007fc       0x28 CMakeFiles/AT32F403A_Clion.elf.dir/project/src/at32f403a_407_clock.c.obj
 .debug_frame   0x00000824       0xa0 CMakeFiles/AT32F403A_Clion.elf.dir/project/src/at32f403a_407_int.c.obj